Archive member included to satisfy reference by file (symbol)

app/libapp.a(main.c.obj)      (--whole-archive)
zephyr/libzephyr.a(validate_libc.c.obj)
                              (--whole-archive)
zephyr/libzephyr.a(heap.c.obj)
                              (--whole-archive)
zephyr/libzephyr.a(cbprintf_packaged.c.obj)
                              (--whole-archive)
zephyr/libzephyr.a(clock.c.obj)
                              (--whole-archive)
zephyr/libzephyr.a(printk.c.obj)
                              (--whole-archive)
zephyr/libzephyr.a(sem.c.obj)
                              (--whole-archive)
zephyr/libzephyr.a(thread_entry.c.obj)
                              (--whole-archive)
zephyr/libzephyr.a(cbprintf_complete.c.obj)
                              (--whole-archive)
zephyr/libzephyr.a(assert.c.obj)
                              (--whole-archive)
zephyr/libzephyr.a(mpsc_pbuf.c.obj)
                              (--whole-archive)
zephyr/libzephyr.a(dec.c.obj)
                              (--whole-archive)
zephyr/libzephyr.a(hex.c.obj)
                              (--whole-archive)
zephyr/libzephyr.a(rb.c.obj)  (--whole-archive)
zephyr/libzephyr.a(timeutil.c.obj)
                              (--whole-archive)
zephyr/libzephyr.a(bitarray.c.obj)
                              (--whole-archive)
zephyr/libzephyr.a(bitmask.c.obj)
                              (--whole-archive)
zephyr/libzephyr.a(ring_buffer.c.obj)
                              (--whole-archive)
zephyr/libzephyr.a(last_section_id.c.obj)
                              (--whole-archive)
zephyr/libzephyr.a(configs.c.obj)
                              (--whole-archive)
zephyr/libzephyr.a(stm32cube_hal.c.obj)
                              (--whole-archive)
zephyr/libzephyr.a(soc_config.c.obj)
                              (--whole-archive)
zephyr/libzephyr.a(stm32_cache.c.obj)
                              (--whole-archive)
zephyr/libzephyr.a(stm32_backup_domain.c.obj)
                              (--whole-archive)
zephyr/libzephyr.a(soc.c.obj)
                              (--whole-archive)
zephyr/libzephyr.a(log_core.c.obj)
                              (--whole-archive)
zephyr/libzephyr.a(log_mgmt.c.obj)
                              (--whole-archive)
zephyr/libzephyr.a(log_cache.c.obj)
                              (--whole-archive)
zephyr/libzephyr.a(log_msg.c.obj)
                              (--whole-archive)
zephyr/libzephyr.a(log_output.c.obj)
                              (--whole-archive)
zephyr/libzephyr.a(mem_attr.c.obj)
                              (--whole-archive)
zephyr/libzephyr.a(tracing_none.c.obj)
                              (--whole-archive)
zephyr/libzephyr.a(addr_utils.c.obj)
                              (--whole-archive)
zephyr/libzephyr.a(kernel_shell.c.obj)
                              (--whole-archive)
zephyr/libzephyr.a(cycles.c.obj)
                              (--whole-archive)
zephyr/libzephyr.a(sleep.c.obj)
                              (--whole-archive)
zephyr/libzephyr.a(uptime.c.obj)
                              (--whole-archive)
zephyr/libzephyr.a(version.c.obj)
                              (--whole-archive)
zephyr/libzephyr.a(log-level.c.obj)
                              (--whole-archive)
zephyr/libzephyr.a(thread.c.obj)
                              (--whole-archive)
zephyr/libzephyr.a(list.c.obj)
                              (--whole-archive)
zephyr/libzephyr.a(stacks.c.obj)
                              (--whole-archive)
zephyr/libzephyr.a(suspend.c.obj)
                              (--whole-archive)
zephyr/libzephyr.a(resume.c.obj)
                              (--whole-archive)
zephyr/libzephyr.a(kill.c.obj)
                              (--whole-archive)
zephyr/libzephyr.a(device_service.c.obj)
                              (--whole-archive)
zephyr/libzephyr.a(date_service.c.obj)
                              (--whole-archive)
zephyr/libzephyr.a(devmem_service.c.obj)
                              (--whole-archive)
zephyr/libzephyr.a(shell_uart.c.obj)
                              (--whole-archive)
zephyr/libzephyr.a(shell.c.obj)
                              (--whole-archive)
zephyr/libzephyr.a(shell_fprintf.c.obj)
                              (--whole-archive)
zephyr/libzephyr.a(shell_utils.c.obj)
                              (--whole-archive)
zephyr/libzephyr.a(shell_ops.c.obj)
                              (--whole-archive)
zephyr/libzephyr.a(shell_log_backend.c.obj)
                              (--whole-archive)
zephyr/libzephyr.a(shell_help.c.obj)
                              (--whole-archive)
zephyr/libzephyr.a(shell_cmds.c.obj)
                              (--whole-archive)
zephyr/libzephyr.a(shell_history.c.obj)
                              (--whole-archive)
zephyr/libzephyr.a(shell_wildcard.c.obj)
                              (--whole-archive)
zephyr/arch/common/libarch__common.a(sw_isr_common.c.obj)
                              (--whole-archive)
[...]
Memory Configuration

Name             Origin             Length             Attributes
FLASH            0x0000000008000000 0x0000000000200000 xr
RAM              0x0000000020020000 0x0000000000060000 xw
QSPI_PLACEHOLDER 0x0000000090000000 0x0000000010000000 rw
SRAM0            0x0000000020020000 0x0000000000060000 rw
DTCM             0x0000000020000000 0x0000000000020000 rw
IDT_LIST         0x00000000ffff7fff 0x0000000000008000 xw
*default*        0x0000000000000000 0xffffffffffffffff

Linker script and memory map

                0x000000000801b8b8                vfprintf = __d_vfprintf
                0x0000000000000000                vfscanf = __d_vfscanf
LOAD zephyr/CMakeFiles/zephyr_final.dir/misc/empty_file.c.obj
LOAD zephyr/CMakeFiles/zephyr_final.dir/isr_tables.c.obj
LOAD zephyr/CMakeFiles/offsets.dir/./arch/arm/core/offsets/offsets.c.obj
LOAD app/libapp.a
LOAD zephyr/libzephyr.a
LOAD zephyr/arch/common/libarch__common.a
LOAD zephyr/arch/arch/arm/core/libarch__arm__core.a
LOAD zephyr/arch/arch/arm/core/cortex_m/libarch__arm__core__cortex_m.a
LOAD zephyr/arch/arch/arm/core/mpu/libarch__arm__core__mpu.a
LOAD zephyr/lib/libc/picolibc/liblib__libc__picolibc.a
LOAD zephyr/lib/libc/common/liblib__libc__common.a
LOAD zephyr/lib/posix/c_lib_ext/liblib__posix__c_lib_ext.a
LOAD zephyr/lib/net_buf/liblib__net_buf.a
LOAD zephyr/subsys/random/libsubsys__random.a
LOAD zephyr/subsys/crc/libsubsys__crc.a
LOAD zephyr/subsys/net/libsubsys__net.a
LOAD zephyr/subsys/net/l2/virtual/libsubsys__net__l2__virtual.a
LOAD zephyr/subsys/net/l2/virtual/ipip/libsubsys__net__l2__virtual__ipip.a
LOAD zephyr/subsys/net/l2/ethernet/libsubsys__net__l2__ethernet.a
LOAD zephyr/subsys/net/ip/libsubsys__net__ip.a
LOAD zephyr/subsys/net/lib/dhcpv4/libsubsys__net__lib__dhcpv4.a
LOAD zephyr/drivers/interrupt_controller/libdrivers__interrupt_controller.a
LOAD zephyr/drivers/clock_control/libdrivers__clock_control.a
LOAD zephyr/drivers/console/libdrivers__console.a
LOAD zephyr/drivers/entropy/libdrivers__entropy.a
LOAD zephyr/drivers/ethernet/libdrivers__ethernet.a
LOAD zephyr/drivers/gpio/libdrivers__gpio.a
LOAD zephyr/drivers/hwinfo/libdrivers__hwinfo.a
LOAD zephyr/drivers/mdio/libdrivers__mdio.a
LOAD zephyr/drivers/pinctrl/libdrivers__pinctrl.a
LOAD zephyr/drivers/reset/libdrivers__reset.a
LOAD zephyr/drivers/serial/libdrivers__serial.a
LOAD zephyr/drivers/timer/libdrivers__timer.a
LOAD modules/hal_stm32/stm32cube/lib..__modules__hal__stm32__stm32cube.a
LOAD zephyr/kernel/libkernel.a
LOAD zephyr/arch/common/libisr_tables.a
LOAD /home/zaid/zephyr-sdk-0.17.4/arm-zephyr-eabi/bin/../lib/gcc/../../picolibc/arm-zephyr-eabi/lib/thumb/v7e-m/nofp/libc.a
LOAD /home/zaid/zephyr-sdk-0.17.4/arm-zephyr-eabi/bin/../lib/gcc/arm-zephyr-eabi/12.2.0/thumb/v7e-m/nofp/libgcc.a
                0x0000000000000020                _region_min_align = 0x20

.rel.plt        0x0000000008000000        0x0
 *(SORT_BY_ALIGNMENT(.rel.plt))
                [!provide]                        PROVIDE (__rel_iplt_start = .)
 *(SORT_BY_ALIGNMENT(.rel.iplt))
 .rel.iplt      0x0000000008000000        0x0 zephyr/CMakeFiles/zephyr_final.dir/isr_tables.c.obj
                [!provide]                        PROVIDE (__rel_iplt_end = .)

.rela.plt       0x0000000000000000        0x0
 *(SORT_BY_ALIGNMENT(.rela.plt))
                [!provide]                        PROVIDE (__rela_iplt_start = .)
 *(SORT_BY_ALIGNMENT(.rela.iplt))
                [!provide]                        PROVIDE (__rela_iplt_end = .)

.rel.dyn
 *(SORT_BY_ALIGNMENT(.rel.*))

.rela.dyn
 *(SORT_BY_ALIGNMENT(.rela.*))

/DISCARD/
 *(SORT_BY_ALIGNMENT(.plt))

/DISCARD/
 *(SORT_BY_ALIGNMENT(.iplt))
                0x0000000008000000                __rom_region_start = 0x8000000

rom_start       0x0000000008000000      0x1f8
                0x0000000008000000                __rom_start_address = .
 FILL mask 0x00
                0x0000000008000000                . = (. + (0x0 - (. - __rom_start_address)))
                0x0000000008000000                . = ALIGN (0x4)
                0x0000000008000000                . = ALIGN (0x80)
                0x0000000008000000                . = ALIGN (0x200)
                0x0000000008000000                _vector_start = .
 *(SORT_BY_ALIGNMENT(.exc_vector_table))
 *(SORT_BY_ALIGNMENT(.exc_vector_table.*))
 .exc_vector_table._vector_table_section
                0x0000000008000000       0x40 zephyr/arch/arch/arm/core/cortex_m/libarch__arm__core__cortex_m.a(vector_table.S.obj)
                0x0000000008000000                _vector_table
 *(SORT_BY_ALIGNMENT(.vectors))
                0x00000000080001f8                _vector_end = .
                0x0000000008000040                . = ALIGN (0x4)
 *(SORT_BY_ALIGNMENT(.gnu.linkonce.irq_vector_table*))
 .gnu.linkonce.irq_vector_table
                0x0000000008000040      0x1b8 zephyr/CMakeFiles/zephyr_final.dir/isr_tables.c.obj
                0x0000000008000040                _irq_vector_table
                0x00000000080001f8                _vector_end = .

text            0x0000000008000200    0x26988
                0x0000000008000200                __text_region_start = .
 *(SORT_BY_ALIGNMENT(.text))
 .text          0x0000000008000200       0xa0 /home/zaid/zephyr-sdk-0.17.4/arm-zephyr-eabi/bin/../lib/gcc/../../picolibc/arm-zephyr-eabi/lib/thumb/v7e-m/nofp/libc.a(memchr.S.o)
                0x0000000008000200                memchr
 .text          0x00000000080002a0       0xa0 /home/zaid/zephyr-sdk-0.17.4/arm-zephyr-eabi/bin/../lib/gcc/arm-zephyr-eabi/12.2.0/thumb/v7e-m/nofp/libgcc.a(_aeabi_ldivmod.o)
                0x00000000080002a0                __aeabi_ldivmod
 .text          0x0000000008000340       0x30 /home/zaid/zephyr-sdk-0.17.4/arm-zephyr-eabi/bin/../lib/gcc/arm-zephyr-eabi/12.2.0/thumb/v7e-m/nofp/libgcc.a(_aeabi_uldivmod.o)
                0x0000000008000340                __aeabi_uldivmod
 .text          0x0000000008000370        0x4 /home/zaid/zephyr-sdk-0.17.4/arm-zephyr-eabi/bin/../lib/gcc/arm-zephyr-eabi/12.2.0/thumb/v7e-m/nofp/libgcc.a(_dvmd_tls.o)
                0x0000000008000370                __aeabi_ldiv0
                0x0000000008000370                __aeabi_idiv0
 .text          0x0000000008000374       0x14 /home/zaid/zephyr-sdk-0.17.4/arm-zephyr-eabi/bin/../lib/gcc/../../picolibc/arm-zephyr-eabi/lib/thumb/v7e-m/nofp/libc.a(strcmp.S.o)
                0x0000000008000374                strcmp
 .text          0x0000000008000388       0x10 /home/zaid/zephyr-sdk-0.17.4/arm-zephyr-eabi/bin/../lib/gcc/../../picolibc/arm-zephyr-eabi/lib/thumb/v7e-m/nofp/libc.a(strcpy.S.o)
                0x0000000008000388                strcpy
 .text          0x0000000008000398       0x10 /home/zaid/zephyr-sdk-0.17.4/arm-zephyr-eabi/bin/../lib/gcc/../../picolibc/arm-zephyr-eabi/lib/thumb/v7e-m/nofp/libc.a(strlen.S.o)
                0x0000000008000398                strlen
 .text          0x00000000080003a8      0x2a0 /home/zaid/zephyr-sdk-0.17.4/arm-zephyr-eabi/bin/../lib/gcc/arm-zephyr-eabi/12.2.0/thumb/v7e-m/nofp/libgcc.a(_udivmoddi4.o)
                0x00000000080003a8                __udivmoddi4
 *(SORT_BY_ALIGNMENT(.text.*))
 .text.cmd_kernel_uptime
                0x0000000008000648       0xe0 zephyr/libzephyr.a(uptime.c.obj)
 .text.parser_thread
                0x0000000008000728       0x3c app/libapp.a(main.c.obj)
                0x0000000008000728                parser_thread
 .text.capture_thread
                0x0000000008000764       0xc8 app/libapp.a(main.c.obj)
                0x0000000008000764                capture_thread
 .text.logger_thread
                0x000000000800082c       0x1c app/libapp.a(main.c.obj)
                0x000000000800082c                logger_thread
 .text.main     0x0000000008000848       0x90 app/libapp.a(main.c.obj)
                0x0000000008000848                main
 .text.cbvprintf_package
                0x00000000080008d8      0x3a4 zephyr/libzephyr.a(cbprintf_packaged.c.obj)
                0x00000000080008d8                cbvprintf_package
 .text.cbprintf_package_convert
                0x0000000008000c7c      0x3d4 zephyr/libzephyr.a(cbprintf_packaged.c.obj)
                0x0000000008000c7c                cbprintf_package_convert
 .text.z_impl_sys_clock_getrtoffset
                0x0000000008001050       0x28 zephyr/libzephyr.a(clock.c.obj)
                0x0000000008001050                z_impl_sys_clock_getrtoffset
 .text.sys_clock_gettime
                0x0000000008001078       0x6c zephyr/libzephyr.a(clock.c.obj)
                0x0000000008001078                sys_clock_gettime
 .text.z_impl_sys_clock_settime
                0x00000000080010e4       0x78 zephyr/libzephyr.a(clock.c.obj)
                0x00000000080010e4                z_impl_sys_clock_settime
 .text.__printk_hook_install
                0x000000000800115c        0xc zephyr/libzephyr.a(printk.c.obj)
                0x000000000800115c                __printk_hook_install
 .text.z_thread_entry
                0x0000000008001168       0x34 zephyr/libzephyr.a(thread_entry.c.obj)
                0x0000000008001168                z_thread_entry
 .text.timeutil_timegm64
                0x000000000800119c       0xec zephyr/libzephyr.a(timeutil.c.obj)
                0x000000000800119c                timeutil_timegm64
 .text.timeutil_timegm
                0x0000000008001288       0x20 zephyr/libzephyr.a(timeutil.c.obj)
                0x0000000008001288                timeutil_timegm
 .text.timespec_normalize
                0x00000000080012a8       0x8c zephyr/libzephyr.a(timeutil.c.obj)
                0x00000000080012a8                timespec_normalize
 .text.st_stm32_common_config
                0x0000000008001334       0x14 zephyr/libzephyr.a(soc_config.c.obj)
 .text.soc_early_init_hook
                0x0000000008001348       0x28 zephyr/libzephyr.a(soc.c.obj)
                0x0000000008001348                soc_early_init_hook
 .text.activate_foreach_backend
                0x0000000008001370       0x64 zephyr/libzephyr.a(log_core.c.obj)
 .text.enable_logger
                0x00000000080013d4       0x5c zephyr/libzephyr.a(log_core.c.obj)
 .text.log_process_thread_timer_expiry_fn
                0x0000000008001430        0xc zephyr/libzephyr.a(log_core.c.obj)
 .text.z_log_init
                0x000000000800143c       0x94 zephyr/libzephyr.a(log_core.c.obj)
 .text.log_set_timestamp_func
                0x00000000080014d0       0x20 zephyr/libzephyr.a(log_core.c.obj)
                0x00000000080014d0                log_set_timestamp_func
 .text.z_log_notify_backend_enabled
                0x00000000080014f0       0x1c zephyr/libzephyr.a(log_core.c.obj)
                0x00000000080014f0                z_log_notify_backend_enabled
 .text.z_log_dropped
                0x000000000800150c       0x44 zephyr/libzephyr.a(log_core.c.obj)
                0x000000000800150c                z_log_dropped
 .text.z_log_dropped_read_and_clear
                0x0000000008001550       0x20 zephyr/libzephyr.a(log_core.c.obj)
                0x0000000008001550                z_log_dropped_read_and_clear
 .text.dropped_notify
                0x0000000008001570       0x30 zephyr/libzephyr.a(log_core.c.obj)
                0x0000000008001570                dropped_notify
 .text.z_log_msg_init
                0x00000000080015a0       0x20 zephyr/libzephyr.a(log_core.c.obj)
                0x00000000080015a0                z_log_msg_init
 .text.log_core_init
                0x00000000080015c0       0x54 zephyr/libzephyr.a(log_core.c.obj)
                0x00000000080015c0                log_core_init
 .text.z_log_msg_alloc
                0x0000000008001614       0x10 zephyr/libzephyr.a(log_core.c.obj)
                0x0000000008001614                z_log_msg_alloc
 .text.z_log_msg_local_claim
                0x0000000008001624        0xc zephyr/libzephyr.a(log_core.c.obj)
                0x0000000008001624                z_log_msg_local_claim
 .text.z_log_msg_free
                0x0000000008001630       0x10 zephyr/libzephyr.a(log_core.c.obj)
                0x0000000008001630                z_log_msg_free
 .text.z_log_msg_pending
                0x0000000008001640        0xc zephyr/libzephyr.a(log_core.c.obj)
                0x0000000008001640                z_log_msg_pending
 .text.z_impl_log_process
                0x000000000800164c       0xe8 zephyr/libzephyr.a(log_core.c.obj)
                0x000000000800164c                z_impl_log_process
 .text.z_impl_log_panic
                0x0000000008001734       0x44 zephyr/libzephyr.a(log_core.c.obj)
                0x0000000008001734                z_impl_log_panic
 .text.log_process_thread_func
                0x0000000008001778       0xa4 zephyr/libzephyr.a(log_core.c.obj)
 .text.z_log_msg_post_finalize
                0x000000000800181c       0x78 zephyr/libzephyr.a(log_core.c.obj)
 .text.z_log_msg_commit
                0x0000000008001894       0x24 zephyr/libzephyr.a(log_core.c.obj)
                0x0000000008001894                z_log_msg_commit
 .text.log_source_name_get
                0x00000000080018b8       0x1c zephyr/libzephyr.a(log_mgmt.c.obj)
                0x00000000080018b8                log_source_name_get
 .text.z_log_runtime_filters_init
                0x00000000080018d4       0x3c zephyr/libzephyr.a(log_mgmt.c.obj)
                0x00000000080018d4                z_log_runtime_filters_init
 .text.log_source_id_get
                0x0000000008001910       0x38 zephyr/libzephyr.a(log_mgmt.c.obj)
                0x0000000008001910                log_source_id_get
 .text.filter_set
                0x0000000008001948       0xbc zephyr/libzephyr.a(log_mgmt.c.obj)
                0x0000000008001948                filter_set
 .text.backend_filter_set
                0x0000000008001a04       0x30 zephyr/libzephyr.a(log_mgmt.c.obj)
 .text.log_filter_get
                0x0000000008001a34       0x4c zephyr/libzephyr.a(log_mgmt.c.obj)
                0x0000000008001a34                log_filter_get
 .text.z_impl_z_log_msg_static_create
                0x0000000008001a80      0x110 zephyr/libzephyr.a(log_msg.c.obj)
                0x0000000008001a80                z_impl_z_log_msg_static_create
 .text.z_log_msg_runtime_vcreate
                0x0000000008001b90       0xb0 zephyr/libzephyr.a(log_msg.c.obj)
                0x0000000008001b90                z_log_msg_runtime_vcreate
 .text.log_msg_get_source_id
                0x0000000008001c40       0x18 zephyr/libzephyr.a(log_msg.c.obj)
                0x0000000008001c40                log_msg_get_source_id
 .text.print_formatted
                0x0000000008001c58       0x24 zephyr/libzephyr.a(log_output.c.obj)
 .text.newline_print
                0x0000000008001c7c       0x1c zephyr/libzephyr.a(log_output.c.obj)
 .text.log_output_process
                0x0000000008001c98      0x2d4 zephyr/libzephyr.a(log_output.c.obj)
                0x0000000008001c98                log_output_process
 .text.log_output_dropped_process
                0x0000000008001f6c       0x58 zephyr/libzephyr.a(log_output.c.obj)
                0x0000000008001f6c                log_output_dropped_process
 .text.log_output_timestamp_freq_set
                0x0000000008001fc4       0x2c zephyr/libzephyr.a(log_output.c.obj)
                0x0000000008001fc4                log_output_timestamp_freq_set
 .text.mem_attr_get_regions
                0x0000000008001ff0        0xc zephyr/libzephyr.a(mem_attr.c.obj)
                0x0000000008001ff0                mem_attr_get_regions
 .text.cmd_kernel_cycles
                0x0000000008001ffc       0x1c zephyr/libzephyr.a(cycles.c.obj)
 .text.cmd_kernel_sleep
                0x0000000008002018       0x40 zephyr/libzephyr.a(sleep.c.obj)
 .text.cmd_kernel_version
                0x0000000008002058       0x18 zephyr/libzephyr.a(version.c.obj)
 .text.cmd_kernel_log_level_set
                0x0000000008002070       0x84 zephyr/libzephyr.a(log-level.c.obj)
 .text.z_thread_is_valid
                0x00000000080020f4       0x20 zephyr/libzephyr.a(thread.c.obj)
                0x00000000080020f4                z_thread_is_valid
 .text.cmd_kernel_thread_list
                0x0000000008002114       0x34 zephyr/libzephyr.a(list.c.obj)
 .text.shell_tdata_dump
                0x0000000008002148       0xc0 zephyr/libzephyr.a(list.c.obj)
 .text.cmd_kernel_thread_stacks
                0x0000000008002208       0x70 zephyr/libzephyr.a(stacks.c.obj)
 .text.shell_stack_dump
                0x0000000008002278       0x60 zephyr/libzephyr.a(stacks.c.obj)
 .text.cmd_kernel_thread_suspend
                0x00000000080022d8       0x64 zephyr/libzephyr.a(suspend.c.obj)
 .text.cmd_kernel_thread_resume
                0x000000000800233c       0x64 zephyr/libzephyr.a(resume.c.obj)
 .text.cmd_kernel_thread_kill
                0x00000000080023a0       0x64 zephyr/libzephyr.a(kill.c.obj)
 .text.device_name_lookup
                0x0000000008002404       0x20 zephyr/libzephyr.a(device_service.c.obj)
 .text.device_name_get_non_ready
                0x0000000008002424       0x20 zephyr/libzephyr.a(device_service.c.obj)
 .text.cmd_device_init
                0x0000000008002444       0x64 zephyr/libzephyr.a(device_service.c.obj)
 .text.cmd_device_list
                0x00000000080024a8       0xf0 zephyr/libzephyr.a(device_service.c.obj)
 .text.date_print
                0x0000000008002598       0x2c zephyr/libzephyr.a(date_service.c.obj)
 .text.get_h_m_s
                0x00000000080025c4       0x98 zephyr/libzephyr.a(date_service.c.obj)
 .text.cmd_date_set
                0x000000000800265c      0x10c zephyr/libzephyr.a(date_service.c.obj)
 .text.cmd_devmem
                0x0000000008002768       0xd0 zephyr/libzephyr.a(devmem_service.c.obj)
 .text.cmd_dump
                0x0000000008002838      0x178 zephyr/libzephyr.a(devmem_service.c.obj)
 .text.set_bypass.isra.0
                0x00000000080029b0       0x4c zephyr/libzephyr.a(devmem_service.c.obj)
 .text.bypass_cb
                0x00000000080029fc      0x118 zephyr/libzephyr.a(devmem_service.c.obj)
 .text.cmd_load
                0x0000000008002b14       0xd8 zephyr/libzephyr.a(devmem_service.c.obj)
 .text.enable_shell_uart
                0x0000000008002bec       0x38 zephyr/libzephyr.a(shell_uart.c.obj)
 .text.init     0x0000000008002c24       0x54 zephyr/libzephyr.a(shell_uart.c.obj)
 .text.uart_callback
                0x0000000008002c78      0x134 zephyr/libzephyr.a(shell_uart.c.obj)
 .text.shell_internal_help_print
                0x0000000008002dac       0x20 zephyr/libzephyr.a(shell.c.obj)
 .text.kill_handler
                0x0000000008002dcc       0x54 zephyr/libzephyr.a(shell.c.obj)
 .text.z_cursor_next_line_move.isra.0
                0x0000000008002e20        0xc zephyr/libzephyr.a(shell.c.obj)
 .text.execute  0x0000000008002e2c      0x2b8 zephyr/libzephyr.a(shell.c.obj)
 .text.history_handle
                0x00000000080030e4       0xac zephyr/libzephyr.a(shell.c.obj)
 .text.state_set.constprop.0
                0x0000000008003190       0x4c zephyr/libzephyr.a(shell.c.obj)
 .text.shell_process
                0x00000000080031dc      0x6bc zephyr/libzephyr.a(shell.c.obj)
                0x00000000080031dc                shell_process
 .text.shell_thread
                0x0000000008003898       0xa4 zephyr/libzephyr.a(shell.c.obj)
                0x0000000008003898                shell_thread
 .text.cmd_help
                0x000000000800393c       0x44 zephyr/libzephyr.a(shell.c.obj)
 .text.shell_hexdump_line
                0x0000000008003980       0xcc zephyr/libzephyr.a(shell.c.obj)
                0x0000000008003980                shell_hexdump_line
 .text.shell_init
                0x0000000008003a4c       0xc8 zephyr/libzephyr.a(shell.c.obj)
                0x0000000008003a4c                shell_init
 .text.z_shell_fprintf_fmt
                0x0000000008003b14       0x28 zephyr/libzephyr.a(shell_fprintf.c.obj)
                0x0000000008003b14                z_shell_fprintf_fmt
 .text.z_shell_cmd_get
                0x0000000008003b3c       0x74 zephyr/libzephyr.a(shell_utils.c.obj)
                0x0000000008003b3c                z_shell_cmd_get
 .text.shell_strtol
                0x0000000008003bb0       0x44 zephyr/libzephyr.a(shell_utils.c.obj)
                0x0000000008003bb0                shell_strtol
 .text.shell_strtoul
                0x0000000008003bf4       0x50 zephyr/libzephyr.a(shell_utils.c.obj)
                0x0000000008003bf4                shell_strtoul
 .text.z_clear_eos
                0x0000000008003c44       0x18 zephyr/libzephyr.a(shell_ops.c.obj)
 .text.z_cursor_next_line_move.isra.0
                0x0000000008003c5c        0xc zephyr/libzephyr.a(shell_ops.c.obj)
 .text.z_shell_op_cursor_vert_move
                0x0000000008003c68       0x2c zephyr/libzephyr.a(shell_ops.c.obj)
                0x0000000008003c68                z_shell_op_cursor_vert_move
 .text.z_shell_op_cursor_horiz_move
                0x0000000008003c94       0x2c zephyr/libzephyr.a(shell_ops.c.obj)
                0x0000000008003c94                z_shell_op_cursor_horiz_move
 .text.z_shell_print_cmd
                0x0000000008003cc0       0x78 zephyr/libzephyr.a(shell_ops.c.obj)
                0x0000000008003cc0                z_shell_print_cmd
 .text.z_shell_vt100_color_set
                0x0000000008003d38       0x40 zephyr/libzephyr.a(shell_ops.c.obj)
                0x0000000008003d38                z_shell_vt100_color_set
 .text.z_shell_vt100_colors_restore
                0x0000000008003d78       0x3c zephyr/libzephyr.a(shell_ops.c.obj)
                0x0000000008003d78                z_shell_vt100_colors_restore
 .text.z_shell_op_word_remove
                0x0000000008003db4       0xc8 zephyr/libzephyr.a(shell_ops.c.obj)
                0x0000000008003db4                z_shell_op_word_remove
 .text.reprint_from_cursor
                0x0000000008003e7c       0xe0 zephyr/libzephyr.a(shell_ops.c.obj)
 .text.z_shell_op_char_insert
                0x0000000008003f5c       0x70 zephyr/libzephyr.a(shell_ops.c.obj)
                0x0000000008003f5c                z_shell_op_char_insert
 .text.z_shell_print_prompt_and_cmd
                0x0000000008003fcc       0x30 zephyr/libzephyr.a(shell_ops.c.obj)
                0x0000000008003fcc                z_shell_print_prompt_and_cmd
 .text.z_cursor_next_line_move.isra.0
                0x0000000008003ffc        0xc zephyr/libzephyr.a(shell_help.c.obj)
 .text.formatted_structured_help_print
                0x0000000008004008       0x40 zephyr/libzephyr.a(shell_help.c.obj)
 .text.z_shell_help_subcmd_print
                0x0000000008004048       0xd0 zephyr/libzephyr.a(shell_help.c.obj)
                0x0000000008004048                z_shell_help_subcmd_print
 .text.z_shell_help_cmd_print
                0x0000000008004118       0x64 zephyr/libzephyr.a(shell_help.c.obj)
                0x0000000008004118                z_shell_help_cmd_print
 .text.z_shell_help_request
                0x000000000800417c       0x28 zephyr/libzephyr.a(shell_help.c.obj)
                0x000000000800417c                z_shell_help_request
 .text.cmd_resize_default
                0x00000000080041a4       0x2c zephyr/libzephyr.a(shell_cmds.c.obj)
 .text.cmd_shell_stats_show
                0x00000000080041d0       0x14 zephyr/libzephyr.a(shell_cmds.c.obj)
 .text.cmd_backends
                0x00000000080041e4       0x50 zephyr/libzephyr.a(shell_cmds.c.obj)
 .text.cmd_prompt_off
                0x0000000008004234       0x10 zephyr/libzephyr.a(shell_cmds.c.obj)
 .text.cmd_history
                0x0000000008004244       0x40 zephyr/libzephyr.a(shell_cmds.c.obj)
 .text.cmd_get_retval
                0x0000000008004284       0x1c zephyr/libzephyr.a(shell_cmds.c.obj)
 .text.cmd_echo
                0x00000000080042a0       0x50 zephyr/libzephyr.a(shell_cmds.c.obj)
 .text.cmd_clear
                0x00000000080042f0       0x34 zephyr/libzephyr.a(shell_cmds.c.obj)
 .text.cmd_resize
                0x0000000008004324      0x1a0 zephyr/libzephyr.a(shell_cmds.c.obj)
 .text.z_shell_wildcard_process
                0x00000000080044c4       0xe4 zephyr/libzephyr.a(shell_wildcard.c.obj)
                0x00000000080044c4                z_shell_wildcard_process
 .text.arch_bss_zero
                0x00000000080045a8       0x2c zephyr/arch/common/libarch__common.a(init.c.obj)
                0x00000000080045a8                arch_bss_zero
 .text.arch_data_copy
                0x00000000080045d4       0x50 zephyr/arch/common/libarch__common.a(xip.c.obj)
                0x00000000080045d4                arch_data_copy
 .text.z_arm_fatal_error
                0x0000000008004624       0xe0 zephyr/arch/arch/arm/core/libarch__arm__core.a(fatal.c.obj)
                0x0000000008004624                z_arm_fatal_error
 .text.z_SysNmiOnReset
                0x0000000008004704        0x8 zephyr/arch/arch/arm/core/libarch__arm__core.a(nmi_on_reset.S.obj)
                0x0000000008004704                z_SysNmiOnReset
 .text.arch_tls_stack_setup
                0x000000000800470c       0x40 zephyr/arch/arch/arm/core/libarch__arm__core.a(tls.c.obj)
                0x000000000800470c                arch_tls_stack_setup
 .text._HandlerModeExit
                0x000000000800474c       0x20 zephyr/arch/arch/arm/core/cortex_m/libarch__arm__core__cortex_m.a(exc_exit.c.obj)
                0x000000000800474c                z_arm_exc_exit
                0x000000000800474c                z_arm_int_exit
 .text.bus_fault.constprop.0
                0x000000000800476c      0x108 zephyr/arch/arch/arm/core/cortex_m/libarch__arm__core__cortex_m.a(fault.c.obj)
 .text.usage_fault.constprop.0
                0x0000000008004874       0xdc zephyr/arch/arch/arm/core/cortex_m/libarch__arm__core__cortex_m.a(fault.c.obj)
 .text.mem_manage_fault
                0x0000000008004950      0x140 zephyr/arch/arch/arm/core/cortex_m/libarch__arm__core__cortex_m.a(fault.c.obj)
 .text.z_arm_fault
                0x0000000008004a90      0x20c zephyr/arch/arch/arm/core/cortex_m/libarch__arm__core__cortex_m.a(fault.c.obj)
                0x0000000008004a90                z_arm_fault
 .text.z_arm_fault_init
                0x0000000008004c9c       0x18 zephyr/arch/arch/arm/core/cortex_m/libarch__arm__core__cortex_m.a(fault.c.obj)
                0x0000000008004c9c                z_arm_fault_init
 .text.__fault  0x0000000008004cb4       0x14 zephyr/arch/arch/arm/core/cortex_m/libarch__arm__core__cortex_m.a(fault_s.S.obj)
                0x0000000008004cb4                z_arm_bus_fault
                0x0000000008004cb4                z_arm_usage_fault
                0x0000000008004cb4                z_arm_mpu_fault
                0x0000000008004cb4                z_arm_exc_spurious
                0x0000000008004cb4                z_arm_debug_monitor
                0x0000000008004cb4                z_arm_hard_fault
 .text._reset_section
                0x0000000008004cc8       0x44 zephyr/arch/arch/arm/core/cortex_m/libarch__arm__core__cortex_m.a(reset.S.obj)
                0x0000000008004cc8                z_arm_reset
                0x0000000008004cc8                __start
 .text.z_impl_k_thread_abort
                0x0000000008004d0c       0x2c zephyr/arch/arch/arm/core/cortex_m/libarch__arm__core__cortex_m.a(thread_abort.c.obj)
                0x0000000008004d0c                z_impl_k_thread_abort
 .text.z_arm_pendsv
                0x0000000008004d38       0x64 zephyr/arch/arch/arm/core/cortex_m/libarch__arm__core__cortex_m.a(swap_helper.S.obj)
                0x0000000008004d38                z_arm_pendsv
 .text.z_arm_svc
                0x0000000008004d9c       0x24 zephyr/arch/arch/arm/core/cortex_m/libarch__arm__core__cortex_m.a(swap_helper.S.obj)
                0x0000000008004d9c                z_arm_svc
 .text.arm_irq_enable
                0x0000000008004dc0       0x1c zephyr/arch/arch/arm/core/cortex_m/libarch__arm__core__cortex_m.a(irq_manage.c.obj)
                0x0000000008004dc0                arm_irq_enable
 .text.arm_irq_disable
                0x0000000008004ddc       0x28 zephyr/arch/arch/arm/core/cortex_m/libarch__arm__core__cortex_m.a(irq_manage.c.obj)
                0x0000000008004ddc                arm_irq_disable
 .text.arm_irq_is_enabled
                0x0000000008004e04       0x1c zephyr/arch/arch/arm/core/cortex_m/libarch__arm__core__cortex_m.a(irq_manage.c.obj)
                0x0000000008004e04                arm_irq_is_enabled
 .text.arm_irq_priority_set
                0x0000000008004e20       0x2c zephyr/arch/arch/arm/core/cortex_m/libarch__arm__core__cortex_m.a(irq_manage.c.obj)
                0x0000000008004e20                arm_irq_priority_set
 .text.relocate_vector_table
                0x0000000008004e4c       0x1c zephyr/arch/arch/arm/core/cortex_m/libarch__arm__core__cortex_m.a(prep_c.c.obj)
                0x0000000008004e4c                relocate_vector_table
 .text.z_prep_c
                0x0000000008004e68       0x38 zephyr/arch/arch/arm/core/cortex_m/libarch__arm__core__cortex_m.a(prep_c.c.obj)
                0x0000000008004e68                z_prep_c
 .text.arch_new_thread
                0x0000000008004ea0       0x30 zephyr/arch/arch/arm/core/cortex_m/libarch__arm__core__cortex_m.a(thread.c.obj)
                0x0000000008004ea0                arch_new_thread
 .text.z_check_thread_stack_fail
                0x0000000008004ed0       0x30 zephyr/arch/arch/arm/core/cortex_m/libarch__arm__core__cortex_m.a(thread.c.obj)
                0x0000000008004ed0                z_check_thread_stack_fail
 .text.arch_switch_to_main_thread
                0x0000000008004f00       0x40 zephyr/arch/arch/arm/core/cortex_m/libarch__arm__core__cortex_m.a(thread.c.obj)
                0x0000000008004f00                arch_switch_to_main_thread
 .text.z_arm_cpu_idle_init
                0x0000000008004f40        0xc zephyr/arch/arch/arm/core/cortex_m/libarch__arm__core__cortex_m.a(cpu_idle.c.obj)
                0x0000000008004f40                z_arm_cpu_idle_init
 .text.z_arm_interrupt_init
                0x0000000008004f4c       0x18 zephyr/arch/arch/arm/core/cortex_m/libarch__arm__core__cortex_m.a(irq_init.c.obj)
                0x0000000008004f4c                z_arm_interrupt_init
 .text._isr_wrapper
                0x0000000008004f64       0x24 zephyr/arch/arch/arm/core/cortex_m/libarch__arm__core__cortex_m.a(isr_wrapper.c.obj)
                0x0000000008004f64                _isr_wrapper
 .text.z_arm_configure_static_mpu_regions
                0x0000000008004f88       0x18 zephyr/arch/arch/arm/core/mpu/libarch__arm__core__mpu.a(arm_core_mpu.c.obj)
                0x0000000008004f88                z_arm_configure_static_mpu_regions
 .text.z_arm_configure_dynamic_mpu_regions
                0x0000000008004fa0       0x24 zephyr/arch/arch/arm/core/mpu/libarch__arm__core__mpu.a(arm_core_mpu.c.obj)
                0x0000000008004fa0                z_arm_configure_dynamic_mpu_regions
 .text.region_allocate_and_init
                0x0000000008004fc4       0x58 zephyr/arch/arch/arm/core/mpu/libarch__arm__core__mpu.a(arm_mpu.c.obj)
 .text.mpu_configure_regions
                0x000000000800501c       0x70 zephyr/arch/arch/arm/core/mpu/libarch__arm__core__mpu.a(arm_mpu.c.obj)
 .text.arm_core_mpu_enable
                0x000000000800508c       0x18 zephyr/arch/arch/arm/core/mpu/libarch__arm__core__mpu.a(arm_mpu.c.obj)
                0x000000000800508c                arm_core_mpu_enable
 .text.arm_core_mpu_disable
                0x00000000080050a4       0x14 zephyr/arch/arch/arm/core/mpu/libarch__arm__core__mpu.a(arm_mpu.c.obj)
                0x00000000080050a4                arm_core_mpu_disable
 .text.arm_core_mpu_configure_static_mpu_regions
                0x00000000080050b8       0x14 zephyr/arch/arch/arm/core/mpu/libarch__arm__core__mpu.a(arm_mpu.c.obj)
                0x00000000080050b8                arm_core_mpu_configure_static_mpu_regions
 .text.arm_core_mpu_configure_dynamic_mpu_regions
                0x00000000080050cc       0x38 zephyr/arch/arch/arm/core/mpu/libarch__arm__core__mpu.a(arm_mpu.c.obj)
                0x00000000080050cc                arm_core_mpu_configure_dynamic_mpu_regions
 .text.z_arm_mpu_init
                0x0000000008005104      0x17c zephyr/arch/arch/arm/core/mpu/libarch__arm__core__mpu.a(arm_mpu.c.obj)
                0x0000000008005104                z_arm_mpu_init
 .text.cbvprintf
                0x0000000008005280       0x38 zephyr/lib/libc/picolibc/liblib__libc__picolibc.a(cbprintf.c.obj)
                0x0000000008005280                cbvprintf
 .text.z_impl_zephyr_fputc
                0x00000000080052b8       0x10 zephyr/lib/libc/picolibc/liblib__libc__picolibc.a(stdio.c.obj)
                0x00000000080052b8                z_impl_zephyr_fputc
 .text.__stdout_hook_install
                0x00000000080052c8       0x18 zephyr/lib/libc/picolibc/liblib__libc__picolibc.a(stdio.c.obj)
                0x00000000080052c8                __stdout_hook_install
 .text.malloc_prepare
                0x00000000080052e0       0x24 zephyr/lib/libc/common/liblib__libc__common.a(malloc.c.obj)
 .text.getopt_init
                0x0000000008005304       0x48 zephyr/lib/posix/c_lib_ext/liblib__posix__c_lib_ext.a(getopt.c.obj)
                0x0000000008005304                getopt_init
 .text.getopt   0x000000000800534c       0xf8 zephyr/lib/posix/c_lib_ext/liblib__posix__c_lib_ext.a(getopt.c.obj)
                0x000000000800534c                getopt
 .text.z_getopt_global_state_update
                0x0000000008005444       0x34 zephyr/lib/posix/c_lib_ext/liblib__posix__c_lib_ext.a(getopt_common.c.obj)
                0x0000000008005444                z_getopt_global_state_update
 .text.getopt_state_get
                0x0000000008005478        0x8 zephyr/lib/posix/c_lib_ext/liblib__posix__c_lib_ext.a(getopt_common.c.obj)
                0x0000000008005478                getopt_state_get
 .text.net_buf_destroy
                0x0000000008005480       0x38 zephyr/lib/net_buf/liblib__net_buf.a(buf.c.obj)
 .text.net_buf_id
                0x00000000080054b8       0x20 zephyr/lib/net_buf/liblib__net_buf.a(buf.c.obj)
                0x00000000080054b8                net_buf_id
 .text.fixed_data_alloc
                0x00000000080054d8       0x24 zephyr/lib/net_buf/liblib__net_buf.a(buf.c.obj)
 .text.net_buf_alloc_len
                0x00000000080054fc       0xfc zephyr/lib/net_buf/liblib__net_buf.a(buf.c.obj)
                0x00000000080054fc                net_buf_alloc_len
 .text.net_buf_unref
                0x00000000080055f8       0x3c zephyr/lib/net_buf/liblib__net_buf.a(buf.c.obj)
                0x00000000080055f8                net_buf_unref
 .text.z_impl_sys_rand_get
                0x0000000008005634       0x40 zephyr/subsys/random/libsubsys__random.a(random_entropy_device.c.obj)
                0x0000000008005634                z_impl_sys_rand_get
 .text.crc32_ieee_update
                0x0000000008005674       0x3c zephyr/subsys/crc/libsubsys__crc.a(crc32_sw.c.obj)
                0x0000000008005674                crc32_ieee_update
 .text.get_net_pkt
                0x00000000080056b0        0x8 zephyr/subsys/net/libsubsys__net.a(capture.c.obj)
 .text.get_net_buf
                0x00000000080056b8        0x8 zephyr/subsys/net/libsubsys__net.a(capture.c.obj)
 .text.iface_cb
                0x00000000080056c0       0x2c zephyr/subsys/net/libsubsys__net.a(capture.c.obj)
 .text.capture_enable
                0x00000000080056ec       0x4c zephyr/subsys/net/libsubsys__net.a(capture.c.obj)
 .text.k_mutex_lock.constprop.0.isra.0
                0x0000000008005738       0x10 zephyr/subsys/net/libsubsys__net.a(capture.c.obj)
 .text.k_mutex_unlock.constprop.0.isra.0
                0x0000000008005748        0xc zephyr/subsys/net/libsubsys__net.a(capture.c.obj)
 .text.capture_dev_init
                0x0000000008005754       0x68 zephyr/subsys/net/libsubsys__net.a(capture.c.obj)
 .text.capture_cleanup
                0x00000000080057bc       0xf8 zephyr/subsys/net/libsubsys__net.a(capture.c.obj)
 .text.capture_disable
                0x00000000080058b4       0x38 zephyr/subsys/net/libsubsys__net.a(capture.c.obj)
 .text.net_capture_foreach
                0x00000000080058ec       0x78 zephyr/subsys/net/libsubsys__net.a(capture.c.obj)
                0x00000000080058ec                net_capture_foreach
 .text.net_capture_setup
                0x0000000008005964      0x528 zephyr/subsys/net/libsubsys__net.a(capture.c.obj)
                0x0000000008005964                net_capture_setup
 .text.net_capture_pkt_with_status
                0x0000000008005e8c       0xa4 zephyr/subsys/net/libsubsys__net.a(capture.c.obj)
                0x0000000008005e8c                net_capture_pkt_with_status
 .text.get_iface_idx
                0x0000000008005f30       0x78 zephyr/subsys/net/libsubsys__net.a(net_shell.c.obj)
                0x0000000008005f30                get_iface_idx
 .text.addrtype2str
                0x0000000008005fa8       0x18 zephyr/subsys/net/libsubsys__net.a(net_shell.c.obj)
                0x0000000008005fa8                addrtype2str
 .text.addrstate2str
                0x0000000008005fc0       0x1c zephyr/subsys/net/libsubsys__net.a(net_shell.c.obj)
                0x0000000008005fc0                addrstate2str
 .text.get_addresses
                0x0000000008005fdc       0xdc zephyr/subsys/net/libsubsys__net.a(net_shell.c.obj)
                0x0000000008005fdc                get_addresses
 .text.iface2str
                0x00000000080060b8       0x70 zephyr/subsys/net/libsubsys__net.a(net_shell.c.obj)
                0x00000000080060b8                iface2str
 .text.cmd_net_allocs
                0x0000000008006128       0x2c zephyr/subsys/net/libsubsys__net.a(allocs.c.obj)
 .text.cmd_net_arp_flush
                0x0000000008006154       0x20 zephyr/subsys/net/libsubsys__net.a(arp.c.obj)
 .text.cmd_net_arp
                0x0000000008006174       0x3c zephyr/subsys/net/libsubsys__net.a(arp.c.obj)
 .text.arp_cb   0x00000000080061b0       0xac zephyr/subsys/net/libsubsys__net.a(arp.c.obj)
 .text.cmd_net_capture_disable
                0x000000000800625c       0x44 zephyr/subsys/net/libsubsys__net.a(capture.c.obj)
 .text.cmd_net_capture_cleanup
                0x00000000080062a0       0x48 zephyr/subsys/net/libsubsys__net.a(capture.c.obj)
 .text.cmd_net_capture_enable
                0x00000000080062e8       0xa0 zephyr/subsys/net/libsubsys__net.a(capture.c.obj)
 .text.get_address_str.constprop.0
                0x0000000008006388       0x74 zephyr/subsys/net/libsubsys__net.a(capture.c.obj)
 .text.capture_cb
                0x00000000080063fc       0xc4 zephyr/subsys/net/libsubsys__net.a(capture.c.obj)
 .text.cmd_net_capture
                0x00000000080064c0       0x90 zephyr/subsys/net/libsubsys__net.a(capture.c.obj)
 .text.cmd_net_capture_setup
                0x0000000008006550       0xc0 zephyr/subsys/net/libsubsys__net.a(capture.c.obj)
 .text.cmd_net_conn
                0x0000000008006610      0x118 zephyr/subsys/net/libsubsys__net.a(conn.c.obj)
 .text.tcp_cb   0x0000000008006728       0x84 zephyr/subsys/net/libsubsys__net.a(conn.c.obj)
 .text.conn_handler_cb
                0x00000000080067ac      0x128 zephyr/subsys/net/libsubsys__net.a(conn.c.obj)
 .text.context_cb
                0x00000000080068d4      0x120 zephyr/subsys/net/libsubsys__net.a(conn.c.obj)
 .text.cmd_net_dhcpv4_client_start
                0x00000000080069f4       0x60 zephyr/subsys/net/libsubsys__net.a(dhcpv4.c.obj)
 .text.cmd_net_dhcpv4_server_start
                0x0000000008006a54       0x2c zephyr/subsys/net/libsubsys__net.a(dhcpv4.c.obj)
 .text.cmd_net_dhcpv4_client_stop
                0x0000000008006a80       0x60 zephyr/subsys/net/libsubsys__net.a(dhcpv4.c.obj)
 .text.cmd_net_dhcpv6_client_start
                0x0000000008006ae0       0x2c zephyr/subsys/net/libsubsys__net.a(dhcpv6.c.obj)
 .text.cmd_net_dns_list
                0x0000000008006b0c       0x1c zephyr/subsys/net/libsubsys__net.a(dns.c.obj)
 .text.cmd_net_dns_query
                0x0000000008006b28       0x1c zephyr/subsys/net/libsubsys__net.a(dns.c.obj)
 .text.cmd_net_dns_cancel
                0x0000000008006b44       0x2c zephyr/subsys/net/libsubsys__net.a(dns.c.obj)
 .text.cmd_net_events_on
                0x0000000008006b70       0x1c zephyr/subsys/net/libsubsys__net.a(events.c.obj)
 .text.cmd_net_gptp_port
                0x0000000008006b8c       0x2c zephyr/subsys/net/libsubsys__net.a(gptp.c.obj)
 .text.cmd_net_http
                0x0000000008006bb8       0x2c zephyr/subsys/net/libsubsys__net.a(http.c.obj)
 .text.iface_index_get
                0x0000000008006be4       0xa8 zephyr/subsys/net/libsubsys__net.a(iface.c.obj)
 .text.cmd_net_iface
                0x0000000008006c8c       0x7c zephyr/subsys/net/libsubsys__net.a(iface.c.obj)
 .text.iface_flags2str
                0x0000000008006d08      0x104 zephyr/subsys/net/libsubsys__net.a(iface.c.obj)
 .text.cmd_net_link_speed
                0x0000000008006e0c      0x1b8 zephyr/subsys/net/libsubsys__net.a(iface.c.obj)
 .text.cmd_net_default_iface
                0x0000000008006fc4       0x90 zephyr/subsys/net/libsubsys__net.a(iface.c.obj)
 .text.cmd_net_iface_down
                0x0000000008007054       0x7c zephyr/subsys/net/libsubsys__net.a(iface.c.obj)
 .text.cmd_net_iface_up
                0x00000000080070d0       0x98 zephyr/subsys/net/libsubsys__net.a(iface.c.obj)
 .text.cmd_net_set_mac
                0x0000000008007168      0x16c zephyr/subsys/net/libsubsys__net.a(iface.c.obj)
 .text.iface_cb
                0x00000000080072d4      0xdc4 zephyr/subsys/net/libsubsys__net.a(iface.c.obj)
 .text.cmd_net_cm_status
                0x0000000008008098       0x1c zephyr/subsys/net/libsubsys__net.a(cm.c.obj)
 .text.not_available
                0x00000000080080b4       0x14 zephyr/subsys/net/libsubsys__net.a(cm.c.obj)
 .text.cmd_net_ipv4
                0x00000000080080c8       0xc0 zephyr/subsys/net/libsubsys__net.a(ipv4.c.obj)
 .text.ip_address_lifetime_cb
                0x0000000008008188      0x13c zephyr/subsys/net/libsubsys__net.a(ipv4.c.obj)
 .text.cmd_net_ip_gateway
                0x00000000080082c4       0x90 zephyr/subsys/net/libsubsys__net.a(ipv4.c.obj)
 .text.cmd_net_ip_add
                0x0000000008008354      0x15c zephyr/subsys/net/libsubsys__net.a(ipv4.c.obj)
 .text.cmd_net_ip_del
                0x00000000080084b0       0xf8 zephyr/subsys/net/libsubsys__net.a(ipv4.c.obj)
 .text.cmd_net_ip6_pe
                0x00000000080085a8       0x30 zephyr/subsys/net/libsubsys__net.a(ipv6.c.obj)
 .text.cmd_net_ipv6
                0x00000000080085d8      0x178 zephyr/subsys/net/libsubsys__net.a(ipv6.c.obj)
 .text.cmd_net_ip6_add
                0x0000000008008750      0x144 zephyr/subsys/net/libsubsys__net.a(ipv6.c.obj)
 .text.cmd_net_ip6_del
                0x0000000008008894      0x134 zephyr/subsys/net/libsubsys__net.a(ipv6.c.obj)
 .text.address_lifetime_cb
                0x00000000080089c8      0x1e0 zephyr/subsys/net/libsubsys__net.a(ipv6.c.obj)
 .text.cmd_net_mem
                0x0000000008008ba8      0x11c zephyr/subsys/net/libsubsys__net.a(mem.c.obj)
 .text.context_info
                0x0000000008008cc4       0xb0 zephyr/subsys/net/libsubsys__net.a(mem.c.obj)
 .text.nbr_address_get
                0x0000000008008d74       0x50 zephyr/subsys/net/libsubsys__net.a(nbr.c.obj)
 .text.nbr_address_cb
                0x0000000008008dc4       0x34 zephyr/subsys/net/libsubsys__net.a(nbr.c.obj)
 .text.cmd_net_nbr
                0x0000000008008df8       0x3c zephyr/subsys/net/libsubsys__net.a(nbr.c.obj)
 .text.cmd_net_nbr_rm
                0x0000000008008e34       0xa0 zephyr/subsys/net/libsubsys__net.a(nbr.c.obj)
 .text.nbr_cb   0x0000000008008ed4      0x1a8 zephyr/subsys/net/libsubsys__net.a(nbr.c.obj)
 .text.parse_arg
                0x000000000800907c       0x50 zephyr/subsys/net/libsubsys__net.a(ping.c.obj)
 .text.ping_bypass
                0x00000000080090cc       0x34 zephyr/subsys/net/libsubsys__net.a(ping.c.obj)
 .text.cmd_net_ping
                0x0000000008009100      0x284 zephyr/subsys/net/libsubsys__net.a(ping.c.obj)
 .text.ping_done
                0x0000000008009384       0x2c zephyr/subsys/net/libsubsys__net.a(ping.c.obj)
 .text.handle_ipv4_echo_reply
                0x00000000080093b0      0x134 zephyr/subsys/net/libsubsys__net.a(ping.c.obj)
 .text.handle_ipv6_echo_reply
                0x00000000080094e4      0x134 zephyr/subsys/net/libsubsys__net.a(ping.c.obj)
 .text.ping_work
                0x0000000008009618       0xa0 zephyr/subsys/net/libsubsys__net.a(ping.c.obj)
 .text.cmd_net_pkt
                0x00000000080096b8      0x22c zephyr/subsys/net/libsubsys__net.a(pkt.c.obj)
 .text.cmd_net_filter
                0x00000000080098e4       0x2c zephyr/subsys/net/libsubsys__net.a(filter.c.obj)
 .text.print_pmtu_error
                0x0000000008009910       0x24 zephyr/subsys/net/libsubsys__net.a(pmtu.c.obj)
 .text.cmd_net_ppp_status
                0x0000000008009934       0x2c zephyr/subsys/net/libsubsys__net.a(ppp.c.obj)
 .text.cmd_net_ppp_ping
                0x0000000008009960       0x2c zephyr/subsys/net/libsubsys__net.a(ppp.c.obj)
 .text.cmd_net_resume
                0x000000000800998c       0x1c zephyr/subsys/net/libsubsys__net.a(resume.c.obj)
 .text.cmd_net_route
                0x00000000080099a8       0x18 zephyr/subsys/net/libsubsys__net.a(route.c.obj)
 .text.iface_per_route_cb
                0x00000000080099c0       0x70 zephyr/subsys/net/libsubsys__net.a(route.c.obj)
 .text.route_cb
                0x0000000008009a30      0x178 zephyr/subsys/net/libsubsys__net.a(route.c.obj)
 .text.cmd_net_ip6_route_del
                0x0000000008009ba8       0xa8 zephyr/subsys/net/libsubsys__net.a(route.c.obj)
 .text.cmd_net_ip6_route_add
                0x0000000008009c50       0xf0 zephyr/subsys/net/libsubsys__net.a(route.c.obj)
 .text.cmd_net_sockets
                0x0000000008009d40       0x40 zephyr/subsys/net/libsubsys__net.a(sockets.c.obj)
 .text.cmd_net_stats_all
                0x0000000008009d80       0x2c zephyr/subsys/net/libsubsys__net.a(stats.c.obj)
                0x0000000008009d80                cmd_net_stats_all
 .text.iface_index_get
                0x0000000008009dac       0xa8 zephyr/subsys/net/libsubsys__net.a(stats.c.obj)
 .text.cmd_net_suspend
                0x0000000008009e54       0x1c zephyr/subsys/net/libsubsys__net.a(suspend.c.obj)
 .text.cmd_net_tcp_close
                0x0000000008009e70       0x70 zephyr/subsys/net/libsubsys__net.a(tcp.c.obj)
 .text.cmd_net_tcp_recv
                0x0000000008009ee0       0x6c zephyr/subsys/net/libsubsys__net.a(tcp.c.obj)
 .text.cmd_net_tcp_send
                0x0000000008009f4c       0x90 zephyr/subsys/net/libsubsys__net.a(tcp.c.obj)
 .text.tcp_sent_cb
                0x0000000008009fdc       0x1c zephyr/subsys/net/libsubsys__net.a(tcp.c.obj)
 .text.tcp_connected
                0x0000000008009ff8       0x30 zephyr/subsys/net/libsubsys__net.a(tcp.c.obj)
 .text.tcp_recv_cb
                0x000000000800a028       0xac zephyr/subsys/net/libsubsys__net.a(tcp.c.obj)
 .text.cmd_net_tcp_connect
                0x000000000800a0d4      0x2b0 zephyr/subsys/net/libsubsys__net.a(tcp.c.obj)
 .text.cmd_net_udp_bind
                0x000000000800a384      0x1b4 zephyr/subsys/net/libsubsys__net.a(udp.c.obj)
 .text.cmd_net_udp_close
                0x000000000800a538       0x58 zephyr/subsys/net/libsubsys__net.a(udp.c.obj)
 .text.udp_rcvd
                0x000000000800a590       0x88 zephyr/subsys/net/libsubsys__net.a(udp.c.obj)
 .text.udp_sent
                0x000000000800a618       0x2c zephyr/subsys/net/libsubsys__net.a(udp.c.obj)
 .text.cmd_net_udp_send
                0x000000000800a644      0x1f0 zephyr/subsys/net/libsubsys__net.a(udp.c.obj)
 .text.cmd_virtual_show
                0x000000000800a834       0x64 zephyr/subsys/net/libsubsys__net.a(virtual.c.obj)
 .text.attached_iface_cb
                0x000000000800a898       0xe0 zephyr/subsys/net/libsubsys__net.a(virtual.c.obj)
 .text.virtual_iface_cb
                0x000000000800a978       0xb4 zephyr/subsys/net/libsubsys__net.a(virtual.c.obj)
 .text.cmd_virtual_detach
                0x000000000800aa2c       0x5c zephyr/subsys/net/libsubsys__net.a(virtual.c.obj)
 .text.cmd_virtual_attach
                0x000000000800aa88       0x90 zephyr/subsys/net/libsubsys__net.a(virtual.c.obj)
 .text.cmd_net_vlan
                0x000000000800ab18       0x2c zephyr/subsys/net/libsubsys__net.a(vlan.c.obj)
 .text.cmd_net_websocket
                0x000000000800ab44       0x2c zephyr/subsys/net/libsubsys__net.a(websocket.c.obj)
 .text.cmd_net_qbv
                0x000000000800ab70       0x34 zephyr/subsys/net/libsubsys__net.a(qbv_shell.c.obj)
 .text.virtual_enable
                0x000000000800aba4       0x74 zephyr/subsys/net/l2/virtual/libsubsys__net__l2__virtual.a(virtual.c.obj)
 .text.net_virtual_get_iface
                0x000000000800ac18       0x2c zephyr/subsys/net/l2/virtual/libsubsys__net__l2__virtual.a(virtual.c.obj)
                0x000000000800ac18                net_virtual_get_iface
 .text.net_virtual_get_name
                0x000000000800ac44       0x48 zephyr/subsys/net/l2/virtual/libsubsys__net__l2__virtual.a(virtual.c.obj)
                0x000000000800ac44                net_virtual_get_name
 .text.net_virtual_set_name
                0x000000000800ac8c       0x38 zephyr/subsys/net/l2/virtual/libsubsys__net__l2__virtual.a(virtual.c.obj)
                0x000000000800ac8c                net_virtual_set_name
 .text.net_virtual_set_flags
                0x000000000800acc4       0x30 zephyr/subsys/net/l2/virtual/libsubsys__net__l2__virtual.a(virtual.c.obj)
                0x000000000800acc4                net_virtual_set_flags
 .text.net_virtual_init
                0x000000000800acf4       0x2c zephyr/subsys/net/l2/virtual/libsubsys__net__l2__virtual.a(virtual.c.obj)
                0x000000000800acf4                net_virtual_init
 .text.virtual_interface_set_config
                0x000000000800ad20      0x100 zephyr/subsys/net/l2/virtual/libsubsys__net__l2__virtual.a(virtual_mgmt.c.obj)
                0x000000000800ad20                net_mgmt_NET_REQUEST_VIRTUAL_INTERFACE_SET_LINK_TYPE
                0x000000000800ad20                net_mgmt_NET_REQUEST_VIRTUAL_INTERFACE_SET_PEER_ADDRESS
                0x000000000800ad20                net_mgmt_NET_REQUEST_VIRTUAL_INTERFACE_SET_MTU
                0x000000000800ad20                net_mgmt_NET_REQUEST_VIRTUAL_INTERFACE_SET_PRIVATE_KEY
 .text.virt_dev_init
                0x000000000800ae20       0x20 zephyr/subsys/net/l2/virtual/ipip/libsubsys__net__l2__virtual__ipip.a(ipip.c.obj)
 .text.interface_send
                0x000000000800ae40      0x1cc zephyr/subsys/net/l2/virtual/ipip/libsubsys__net__l2__virtual__ipip.a(ipip.c.obj)
 .text.interface_set_config
                0x000000000800b00c       0xfc zephyr/subsys/net/l2/virtual/ipip/libsubsys__net__l2__virtual__ipip.a(ipip.c.obj)
 .text.interface_attach
                0x000000000800b108       0xec zephyr/subsys/net/l2/virtual/ipip/libsubsys__net__l2__virtual__ipip.a(ipip.c.obj)
 .text.net_ipip_get_virtual_interface
                0x000000000800b1f4       0x38 zephyr/subsys/net/l2/virtual/ipip/libsubsys__net__l2__virtual__ipip.a(ipip.c.obj)
                0x000000000800b1f4                net_ipip_get_virtual_interface
 .text.ethernet_recv
                0x000000000800b22c      0x134 zephyr/subsys/net/l2/ethernet/libsubsys__net__l2__ethernet.a(ethernet.c.obj)
 .text.net_eth_broadcast_addr
                0x000000000800b360        0x8 zephyr/subsys/net/l2/ethernet/libsubsys__net__l2__ethernet.a(ethernet.c.obj)
                0x000000000800b360                net_eth_broadcast_addr
 .text.ethernet_mcast_monitor_cb
                0x000000000800b368       0x80 zephyr/subsys/net/l2/ethernet/libsubsys__net__l2__ethernet.a(ethernet.c.obj)
 .text.ethernet_send
                0x000000000800b3e8      0x1f8 zephyr/subsys/net/l2/ethernet/libsubsys__net__l2__ethernet.a(ethernet.c.obj)
 .text.net_eth_get_phy
                0x000000000800b5e0       0x2c zephyr/subsys/net/l2/ethernet/libsubsys__net__l2__ethernet.a(ethernet.c.obj)
                0x000000000800b5e0                net_eth_get_phy
 .text.net_eth_promisc_mode
                0x000000000800b60c       0x34 zephyr/subsys/net/l2/ethernet/libsubsys__net__l2__ethernet.a(ethernet.c.obj)
                0x000000000800b60c                net_eth_promisc_mode
 .text.ethernet_init
                0x000000000800b640       0x58 zephyr/subsys/net/l2/ethernet/libsubsys__net__l2__ethernet.a(ethernet.c.obj)
                0x000000000800b640                ethernet_init
 .text.ethernet_set_config
                0x000000000800b698      0x258 zephyr/subsys/net/l2/ethernet/libsubsys__net__l2__ethernet.a(ethernet_mgmt.c.obj)
                0x000000000800b698                net_mgmt_NET_REQUEST_ETHERNET_SET_QAV_PARAM
                0x000000000800b698                net_mgmt_NET_REQUEST_ETHERNET_SET_T1S_PARAM
                0x000000000800b698                net_mgmt_NET_REQUEST_ETHERNET_SET_TXINJECTION_MODE
                0x000000000800b698                net_mgmt_NET_REQUEST_ETHERNET_SET_QBU_PARAM
                0x000000000800b698                net_mgmt_NET_REQUEST_ETHERNET_SET_TXTIME_PARAM
                0x000000000800b698                net_mgmt_NET_REQUEST_ETHERNET_SET_PROMISC_MODE
                0x000000000800b698                net_mgmt_NET_REQUEST_ETHERNET_SET_QBV_PARAM
                0x000000000800b698                net_mgmt_NET_REQUEST_ETHERNET_SET_MAC_ADDRESS
                0x000000000800b698                net_mgmt_NET_REQUEST_ETHERNET_SET_MAC_FILTER
 .text.ethernet_get_config
                0x000000000800b8f0      0x250 zephyr/subsys/net/l2/ethernet/libsubsys__net__l2__ethernet.a(ethernet_mgmt.c.obj)
                0x000000000800b8f0                net_mgmt_NET_REQUEST_ETHERNET_GET_QBU_PARAM
                0x000000000800b8f0                net_mgmt_NET_REQUEST_ETHERNET_GET_PORTS_NUM
                0x000000000800b8f0                net_mgmt_NET_REQUEST_ETHERNET_GET_PRIORITY_QUEUES_NUM
                0x000000000800b8f0                net_mgmt_NET_REQUEST_ETHERNET_GET_TXINJECTION_MODE
                0x000000000800b8f0                net_mgmt_NET_REQUEST_ETHERNET_GET_TXTIME_PARAM
                0x000000000800b8f0                net_mgmt_NET_REQUEST_ETHERNET_GET_QAV_PARAM
                0x000000000800b8f0                net_mgmt_NET_REQUEST_ETHERNET_GET_QBV_PARAM
 .text.ethernet_mgmt_raise_carrier_on_event
                0x000000000800bb40       0x1c zephyr/subsys/net/l2/ethernet/libsubsys__net__l2__ethernet.a(ethernet_mgmt.c.obj)
                0x000000000800bb40                ethernet_mgmt_raise_carrier_on_event
 .text.ethernet_mgmt_raise_carrier_off_event
                0x000000000800bb5c       0x1c zephyr/subsys/net/l2/ethernet/libsubsys__net__l2__ethernet.a(ethernet_mgmt.c.obj)
                0x000000000800bb5c                ethernet_mgmt_raise_carrier_off_event
 .text.arp_entry_get_last_from_table
                0x000000000800bb78       0x28 zephyr/subsys/net/l2/ethernet/libsubsys__net__l2__ethernet.a(arp.c.obj)
 .text.arp_request_timeout
                0x000000000800bba0       0xa8 zephyr/subsys/net/l2/ethernet/libsubsys__net__l2__ethernet.a(arp.c.obj)
 .text.net_arp_prepare
                0x000000000800bc48      0x2dc zephyr/subsys/net/l2/ethernet/libsubsys__net__l2__ethernet.a(arp.c.obj)
                0x000000000800bc48                net_arp_prepare
 .text.net_arp_update
                0x000000000800bf24      0x168 zephyr/subsys/net/l2/ethernet/libsubsys__net__l2__ethernet.a(arp.c.obj)
                0x000000000800bf24                net_arp_update
 .text.net_arp_clear_cache
                0x000000000800c08c       0xd0 zephyr/subsys/net/l2/ethernet/libsubsys__net__l2__ethernet.a(arp.c.obj)
                0x000000000800c08c                net_arp_clear_cache
 .text.net_arp_clear_pending
                0x000000000800c15c       0x28 zephyr/subsys/net/l2/ethernet/libsubsys__net__l2__ethernet.a(arp.c.obj)
                0x000000000800c15c                net_arp_clear_pending
 .text.net_arp_foreach
                0x000000000800c184       0x3c zephyr/subsys/net/l2/ethernet/libsubsys__net__l2__ethernet.a(arp.c.obj)
                0x000000000800c184                net_arp_foreach
 .text.net_arp_init
                0x000000000800c1c0       0x74 zephyr/subsys/net/l2/ethernet/libsubsys__net__l2__ethernet.a(arp.c.obj)
                0x000000000800c1c0                net_arp_init
 .text.net_ipv4_is_ll_addr_raw
                0x000000000800c234       0x18 zephyr/subsys/net/ip/libsubsys__net__ip.a(net_if.c.obj)
 .text.promisc_mode_set
                0x000000000800c24c       0x40 zephyr/subsys/net/ip/libsubsys__net__ip.a(net_if.c.obj)
 .text.need_calc_checksum
                0x000000000800c28c       0x64 zephyr/subsys/net/ip/libsubsys__net__ip.a(net_if.c.obj)
 .text.iface_router_notify_deletion.constprop.0
                0x000000000800c2f0       0x40 zephyr/subsys/net/ip/libsubsys__net__ip.a(net_if.c.obj)
 .text.iface_router_find_default.constprop.0
                0x000000000800c330       0x70 zephyr/subsys/net/ip/libsubsys__net__ip.a(net_if.c.obj)
 .text.iface_router_update_timer
                0x000000000800c3a0       0x7c zephyr/subsys/net/ip/libsubsys__net__ip.a(net_if.c.obj)
 .text.iface_router_lookup
                0x000000000800c41c       0x7c zephyr/subsys/net/ip/libsubsys__net__ip.a(net_if.c.obj)
 .text.iface_router_add
                0x000000000800c498      0x110 zephyr/subsys/net/ip/libsubsys__net__ip.a(net_if.c.obj)
 .text.iface_router_rm
                0x000000000800c5a8       0x54 zephyr/subsys/net/ip/libsubsys__net__ip.a(net_if.c.obj)
 .text.net_if_get_default.part.0
                0x000000000800c5fc       0x20 zephyr/subsys/net/ip/libsubsys__net__ip.a(net_if.c.obj)
 .text.iface_router_expired
                0x000000000800c61c       0x98 zephyr/subsys/net/ip/libsubsys__net__ip.a(net_if.c.obj)
 .text.z_impl_net_if_get_by_index
                0x000000000800c6b4       0x24 zephyr/subsys/net/ip/libsubsys__net__ip.a(net_if.c.obj)
                0x000000000800c6b4                z_impl_net_if_get_by_index
 .text.dad_timeout
                0x000000000800c6d8       0xd0 zephyr/subsys/net/ip/libsubsys__net__ip.a(net_if.c.obj)
 .text.net_if_set_default
                0x000000000800c7a8        0xc zephyr/subsys/net/ip/libsubsys__net__ip.a(net_if.c.obj)
                0x000000000800c7a8                net_if_set_default
 .text.net_if_get_default
                0x000000000800c7b4       0x24 zephyr/subsys/net/ip/libsubsys__net__ip.a(net_if.c.obj)
                0x000000000800c7b4                net_if_get_default
 .text.net_if_mcast_mon_register
                0x000000000800c7d8       0x44 zephyr/subsys/net/ip/libsubsys__net__ip.a(net_if.c.obj)
                0x000000000800c7d8                net_if_mcast_mon_register
 .text.net_if_mcast_monitor
                0x000000000800c81c       0x54 zephyr/subsys/net/ip/libsubsys__net__ip.a(net_if.c.obj)
                0x000000000800c81c                net_if_mcast_monitor
 .text.net_if_config_ipv6_get
                0x000000000800c870       0x6c zephyr/subsys/net/ip/libsubsys__net__ip.a(net_if.c.obj)
                0x000000000800c870                net_if_config_ipv6_get
 .text.net_if_start_rs
                0x000000000800c8dc       0x88 zephyr/subsys/net/ip/libsubsys__net__ip.a(net_if.c.obj)
                0x000000000800c8dc                net_if_start_rs
 .text.rs_timeout
                0x000000000800c964       0xe4 zephyr/subsys/net/ip/libsubsys__net__ip.a(net_if.c.obj)
 .text.net_if_stop_rs
                0x000000000800ca48       0x40 zephyr/subsys/net/ip/libsubsys__net__ip.a(net_if.c.obj)
                0x000000000800ca48                net_if_stop_rs
 .text.net_if_ipv6_addr_lookup_raw
                0x000000000800ca88       0x88 zephyr/subsys/net/ip/libsubsys__net__ip.a(net_if.c.obj)
                0x000000000800ca88                net_if_ipv6_addr_lookup_raw
 .text.net_if_ipv6_addr_update_lifetime
                0x000000000800cb10       0x5c zephyr/subsys/net/ip/libsubsys__net__ip.a(net_if.c.obj)
                0x000000000800cb10                net_if_ipv6_addr_update_lifetime
 .text.net_if_ipv6_maddr_rm
                0x000000000800cb6c       0x78 zephyr/subsys/net/ip/libsubsys__net__ip.a(net_if.c.obj)
                0x000000000800cb6c                net_if_ipv6_maddr_rm
 .text.net_if_ipv6_maddr_lookup_raw
                0x000000000800cbe4       0x98 zephyr/subsys/net/ip/libsubsys__net__ip.a(net_if.c.obj)
                0x000000000800cbe4                net_if_ipv6_maddr_lookup_raw
 .text.net_if_ipv6_maddr_add
                0x000000000800cc7c       0xf0 zephyr/subsys/net/ip/libsubsys__net__ip.a(net_if.c.obj)
                0x000000000800cc7c                net_if_ipv6_maddr_add
 .text.net_if_ipv6_prefix_add
                0x000000000800cd6c      0x11c zephyr/subsys/net/ip/libsubsys__net__ip.a(net_if.c.obj)
                0x000000000800cd6c                net_if_ipv6_prefix_add
 .text.net_if_ipv6_addr_onlink
                0x000000000800ce88       0x88 zephyr/subsys/net/ip/libsubsys__net__ip.a(net_if.c.obj)
                0x000000000800ce88                net_if_ipv6_addr_onlink
 .text.net_if_ipv6_prefix_set_timer
                0x000000000800cf10       0x58 zephyr/subsys/net/ip/libsubsys__net__ip.a(net_if.c.obj)
                0x000000000800cf10                net_if_ipv6_prefix_set_timer
 .text.net_if_ipv6_prefix_unset_timer
                0x000000000800cf68       0x40 zephyr/subsys/net/ip/libsubsys__net__ip.a(net_if.c.obj)
                0x000000000800cf68                net_if_ipv6_prefix_unset_timer
 .text.net_if_ipv6_select_src_addr_hint
                0x000000000800cfa8       0xd4 zephyr/subsys/net/ip/libsubsys__net__ip.a(net_if.c.obj)
                0x000000000800cfa8                net_if_ipv6_select_src_addr_hint
 .text.net_if_config_ipv4_get
                0x000000000800d07c       0x6c zephyr/subsys/net/ip/libsubsys__net__ip.a(net_if.c.obj)
                0x000000000800d07c                net_if_config_ipv4_get
 .text.net_if_ipv4_is_addr_bcast_raw
                0x000000000800d0e8       0x30 zephyr/subsys/net/ip/libsubsys__net__ip.a(net_if.c.obj)
                0x000000000800d0e8                net_if_ipv4_is_addr_bcast_raw
 .text.net_if_ipv4_select_src_addr
                0x000000000800d118       0xc4 zephyr/subsys/net/ip/libsubsys__net__ip.a(net_if.c.obj)
                0x000000000800d118                net_if_ipv4_select_src_addr
 .text.net_if_ipv4_addr_lookup_raw
                0x000000000800d1dc       0x54 zephyr/subsys/net/ip/libsubsys__net__ip.a(net_if.c.obj)
                0x000000000800d1dc                net_if_ipv4_addr_lookup_raw
 .text.net_if_ipv4_addr_add
                0x000000000800d230       0xd0 zephyr/subsys/net/ip/libsubsys__net__ip.a(net_if.c.obj)
                0x000000000800d230                net_if_ipv4_addr_add
 .text.net_if_ipv4_maddr_add
                0x000000000800d300       0x88 zephyr/subsys/net/ip/libsubsys__net__ip.a(net_if.c.obj)
                0x000000000800d300                net_if_ipv4_maddr_add
 .text.net_if_ipv4_maddr_rm
                0x000000000800d388       0x84 zephyr/subsys/net/ip/libsubsys__net__ip.a(net_if.c.obj)
                0x000000000800d388                net_if_ipv4_maddr_rm
 .text.net_if_ipv4_maddr_lookup
                0x000000000800d40c       0x88 zephyr/subsys/net/ip/libsubsys__net__ip.a(net_if.c.obj)
                0x000000000800d40c                net_if_ipv4_maddr_lookup
 .text.net_if_addr_unref
                0x000000000800d494      0x158 zephyr/subsys/net/ip/libsubsys__net__ip.a(net_if.c.obj)
                0x000000000800d494                net_if_addr_unref
 .text.net_if_ipv6_dad_failed
                0x000000000800d5ec       0x8c zephyr/subsys/net/ip/libsubsys__net__ip.a(net_if.c.obj)
                0x000000000800d5ec                net_if_ipv6_dad_failed
 .text.net_if_ipv6_prefix_rm
                0x000000000800d678       0xa4 zephyr/subsys/net/ip/libsubsys__net__ip.a(net_if.c.obj)
                0x000000000800d678                net_if_ipv6_prefix_rm
 .text.prefix_lifetime_timeout
                0x000000000800d71c       0xdc zephyr/subsys/net/ip/libsubsys__net__ip.a(net_if.c.obj)
 .text.address_lifetime_timeout
                0x000000000800d7f8       0xc4 zephyr/subsys/net/ip/libsubsys__net__ip.a(net_if.c.obj)
 .text.net_if_call_link_cb
                0x000000000800d8bc       0x4c zephyr/subsys/net/ip/libsubsys__net__ip.a(net_if.c.obj)
                0x000000000800d8bc                net_if_call_link_cb
 .text.net_if_get_by_iface
                0x000000000800d908       0x2c zephyr/subsys/net/ip/libsubsys__net__ip.a(net_if.c.obj)
                0x000000000800d908                net_if_get_by_iface
 .text.net_if_ipv6_start_dad.part.0
                0x000000000800d934       0xb8 zephyr/subsys/net/ip/libsubsys__net__ip.a(net_if.c.obj)
 .text.join_mcast_allnodes.part.0
                0x000000000800d9ec       0x8c zephyr/subsys/net/ip/libsubsys__net__ip.a(net_if.c.obj)
 .text.join_mcast_nodes
                0x000000000800da78       0x9c zephyr/subsys/net/ip/libsubsys__net__ip.a(net_if.c.obj)
 .text.net_if_ipv6_addr_add
                0x000000000800db14      0x1a4 zephyr/subsys/net/ip/libsubsys__net__ip.a(net_if.c.obj)
                0x000000000800db14                net_if_ipv6_addr_add
 .text.net_if_start_dad
                0x000000000800dcb8      0x1ac zephyr/subsys/net/ip/libsubsys__net__ip.a(net_if.c.obj)
                0x000000000800dcb8                net_if_start_dad
 .text.update_operational_state
                0x000000000800de64      0x450 zephyr/subsys/net/ip/libsubsys__net__ip.a(net_if.c.obj)
 .text.net_if_tx.isra.0
                0x000000000800e2b4      0x190 zephyr/subsys/net/ip/libsubsys__net__ip.a(net_if.c.obj)
 .text.net_if_try_send_data
                0x000000000800e444      0x108 zephyr/subsys/net/ip/libsubsys__net__ip.a(net_if.c.obj)
                0x000000000800e444                net_if_try_send_data
 .text.net_if_foreach
                0x000000000800e54c       0x24 zephyr/subsys/net/ip/libsubsys__net__ip.a(net_if.c.obj)
                0x000000000800e54c                net_if_foreach
 .text.net_if_oper_state2str
                0x000000000800e570       0x18 zephyr/subsys/net/ip/libsubsys__net__ip.a(net_if.c.obj)
                0x000000000800e570                net_if_oper_state2str
 .text.net_if_up
                0x000000000800e588       0x84 zephyr/subsys/net/ip/libsubsys__net__ip.a(net_if.c.obj)
                0x000000000800e588                net_if_up
 .text.net_if_down
                0x000000000800e60c       0xbc zephyr/subsys/net/ip/libsubsys__net__ip.a(net_if.c.obj)
                0x000000000800e60c                net_if_down
 .text.net_if_is_wifi
                0x000000000800e6c8       0x30 zephyr/subsys/net/ip/libsubsys__net__ip.a(net_if.c.obj)
                0x000000000800e6c8                net_if_is_wifi
 .text.net_if_set_name
                0x000000000800e6f8       0x64 zephyr/subsys/net/ip/libsubsys__net__ip.a(net_if.c.obj)
                0x000000000800e6f8                net_if_set_name
 .text.net_if_init
                0x000000000800e75c      0x2bc zephyr/subsys/net/ip/libsubsys__net__ip.a(net_if.c.obj)
                0x000000000800e75c                net_if_init
 .text.net_if_post_init
                0x000000000800ea18       0x28 zephyr/subsys/net/ip/libsubsys__net__ip.a(net_if.c.obj)
                0x000000000800ea18                net_if_post_init
 .text.net_proto2str
                0x000000000800ea40       0x5c zephyr/subsys/net/ip/libsubsys__net__ip.a(utils.c.obj)
                0x000000000800ea40                net_proto2str
 .text.net_sprint_ll_addr_buf
                0x000000000800ea9c       0x58 zephyr/subsys/net/ip/libsubsys__net__ip.a(utils.c.obj)
                0x000000000800ea9c                net_sprint_ll_addr_buf
 .text.z_impl_net_addr_ntop
                0x000000000800eaf4      0x1f0 zephyr/subsys/net/ip/libsubsys__net__ip.a(utils.c.obj)
                0x000000000800eaf4                z_impl_net_addr_ntop
 .text.net_sprint_addr
                0x000000000800ece4       0x2c zephyr/subsys/net/ip/libsubsys__net__ip.a(utils.c.obj)
                0x000000000800ece4                net_sprint_addr
 .text.z_impl_net_addr_pton
                0x000000000800ed10      0x1b0 zephyr/subsys/net/ip/libsubsys__net__ip.a(utils.c.obj)
                0x000000000800ed10                z_impl_net_addr_pton
 .text.net_ipv4_unspecified_address
                0x000000000800eec0        0x8 zephyr/subsys/net/ip/libsubsys__net__ip.a(utils.c.obj)
                0x000000000800eec0                net_ipv4_unspecified_address
 .text.net_ipv4_broadcast_address
                0x000000000800eec8        0x8 zephyr/subsys/net/ip/libsubsys__net__ip.a(utils.c.obj)
                0x000000000800eec8                net_ipv4_broadcast_address
 .text.net_ipv6_unspecified_address
                0x000000000800eed0        0x8 zephyr/subsys/net/ip/libsubsys__net__ip.a(utils.c.obj)
                0x000000000800eed0                net_ipv6_unspecified_address
 .text.mgmt_event_work_handler
                0x000000000800eed8      0x150 zephyr/subsys/net/ip/libsubsys__net__ip.a(net_mgmt.c.obj)
 .text.sys_slist_find_and_remove.constprop.0.isra.0
                0x000000000800f028       0x38 zephyr/subsys/net/ip/libsubsys__net__ip.a(net_mgmt.c.obj)
 .text.mgmt_rebuild_global_event_mask
                0x000000000800f060       0x74 zephyr/subsys/net/ip/libsubsys__net__ip.a(net_mgmt.c.obj)
 .text.net_mgmt_add_event_callback
                0x000000000800f0d4       0x50 zephyr/subsys/net/ip/libsubsys__net__ip.a(net_mgmt.c.obj)
                0x000000000800f0d4                net_mgmt_add_event_callback
 .text.net_mgmt_del_event_callback
                0x000000000800f124       0x2c zephyr/subsys/net/ip/libsubsys__net__ip.a(net_mgmt.c.obj)
                0x000000000800f124                net_mgmt_del_event_callback
 .text.net_mgmt_event_notify_with_info
                0x000000000800f150       0xc0 zephyr/subsys/net/ip/libsubsys__net__ip.a(net_mgmt.c.obj)
                0x000000000800f150                net_mgmt_event_notify_with_info
 .text.net_mgmt_event_init
                0x000000000800f210       0x40 zephyr/subsys/net/ip/libsubsys__net__ip.a(net_mgmt.c.obj)
                0x000000000800f210                net_mgmt_event_init
 .text.recheck_port.part.0
                0x000000000800f250       0x28 zephyr/subsys/net/ip/libsubsys__net__ip.a(net_context.c.obj)
 .text.net_context_packet_received
                0x000000000800f278       0xb0 zephyr/subsys/net/ip/libsubsys__net__ip.a(net_context.c.obj)
                0x000000000800f278                net_context_packet_received
 .text.check_used_port.constprop.0
                0x000000000800f328      0x168 zephyr/subsys/net/ip/libsubsys__net__ip.a(net_context.c.obj)
 .text.net_context_get
                0x000000000800f490      0x1d4 zephyr/subsys/net/ip/libsubsys__net__ip.a(net_context.c.obj)
                0x000000000800f490                net_context_get
 .text.net_context_put
                0x000000000800f664       0x50 zephyr/subsys/net/ip/libsubsys__net__ip.a(net_context.c.obj)
                0x000000000800f664                net_context_put
 .text.net_context_bind
                0x000000000800f6b4      0x218 zephyr/subsys/net/ip/libsubsys__net__ip.a(net_context.c.obj)
                0x000000000800f6b4                net_context_bind
 .text.net_context_create_ipv4_new
                0x000000000800f8cc       0x7c zephyr/subsys/net/ip/libsubsys__net__ip.a(net_context.c.obj)
                0x000000000800f8cc                net_context_create_ipv4_new
 .text.context_sendto
                0x000000000800f948      0x414 zephyr/subsys/net/ip/libsubsys__net__ip.a(net_context.c.obj)
 .text.net_context_connect
                0x000000000800fd5c      0x22c zephyr/subsys/net/ip/libsubsys__net__ip.a(net_context.c.obj)
                0x000000000800fd5c                net_context_connect
 .text.net_context_recv
                0x000000000800ff88      0x190 zephyr/subsys/net/ip/libsubsys__net__ip.a(net_context.c.obj)
                0x000000000800ff88                net_context_recv
 .text.net_context_foreach
                0x0000000008010118       0x5c zephyr/subsys/net/ip/libsubsys__net__ip.a(net_context.c.obj)
                0x0000000008010118                net_context_foreach
 .text.net_context_init
                0x0000000008010174       0x10 zephyr/subsys/net/ip/libsubsys__net__ip.a(net_context.c.obj)
                0x0000000008010174                net_context_init
 .text.net_pkt_get_reserve_data
                0x0000000008010184       0x48 zephyr/subsys/net/ip/libsubsys__net__ip.a(net_pkt.c.obj)
                0x0000000008010184                net_pkt_get_reserve_data
 .text.net_pkt_get_reserve_rx_data
                0x00000000080101cc        0xc zephyr/subsys/net/ip/libsubsys__net__ip.a(net_pkt.c.obj)
                0x00000000080101cc                net_pkt_get_reserve_rx_data
 .text.net_pkt_get_reserve_tx_data
                0x00000000080101d8        0xc zephyr/subsys/net/ip/libsubsys__net__ip.a(net_pkt.c.obj)
                0x00000000080101d8                net_pkt_get_reserve_tx_data
 .text.net_pkt_get_frag
                0x00000000080101e4       0x44 zephyr/subsys/net/ip/libsubsys__net__ip.a(net_pkt.c.obj)
                0x00000000080101e4                net_pkt_get_frag
 .text.net_pkt_get_info
                0x0000000008010228       0x2c zephyr/subsys/net/ip/libsubsys__net__ip.a(net_pkt.c.obj)
                0x0000000008010228                net_pkt_get_info
 .text.pkt_alloc
                0x0000000008010254       0x58 zephyr/subsys/net/ip/libsubsys__net__ip.a(net_pkt.c.obj)
 .text.net_pkt_alloc_buffer_raw
                0x00000000080102ac       0x94 zephyr/subsys/net/ip/libsubsys__net__ip.a(net_pkt.c.obj)
                0x00000000080102ac                net_pkt_alloc_buffer_raw
 .text.net_pkt_alloc_buffer_with_reserve
                0x0000000008010340      0x130 zephyr/subsys/net/ip/libsubsys__net__ip.a(net_pkt.c.obj)
                0x0000000008010340                net_pkt_alloc_buffer_with_reserve
 .text.net_pkt_alloc_buffer
                0x0000000008010470       0xa4 zephyr/subsys/net/ip/libsubsys__net__ip.a(net_pkt.c.obj)
                0x0000000008010470                net_pkt_alloc_buffer
 .text.net_pkt_alloc_with_buffer
                0x0000000008010514       0x24 zephyr/subsys/net/ip/libsubsys__net__ip.a(net_pkt.c.obj)
                0x0000000008010514                net_pkt_alloc_with_buffer
 .text.net_pkt_rx_alloc_with_buffer
                0x0000000008010538       0x24 zephyr/subsys/net/ip/libsubsys__net__ip.a(net_pkt.c.obj)
                0x0000000008010538                net_pkt_rx_alloc_with_buffer
 .text.net_pkt_get_data
                0x000000000801055c       0x58 zephyr/subsys/net/ip/libsubsys__net__ip.a(net_pkt.c.obj)
                0x000000000801055c                net_pkt_get_data
 .text.net_pkt_tx_init
                0x00000000080105b4       0x2c zephyr/subsys/net/ip/libsubsys__net__ip.a(net_pkt.c.obj)
                0x00000000080105b4                net_pkt_tx_init
 .text.net_tc_submit_to_rx_queue
                0x00000000080105e0       0x18 zephyr/subsys/net/ip/libsubsys__net__ip.a(net_tc.c.obj)
                0x00000000080105e0                net_tc_submit_to_rx_queue
 .text.net_rx_priority2tc
                0x00000000080105f8       0x10 zephyr/subsys/net/ip/libsubsys__net__ip.a(net_tc.c.obj)
                0x00000000080105f8                net_rx_priority2tc
 .text.net_tc_rx_init
                0x0000000008010608       0x90 zephyr/subsys/net/ip/libsubsys__net__ip.a(net_tc.c.obj)
                0x0000000008010608                net_tc_rx_init
 .text.icmp_call_handlers
                0x0000000008010698       0x6c zephyr/subsys/net/ip/libsubsys__net__ip.a(icmp.c.obj)
 .text.net_icmp_send_echo_request_timeout
                0x0000000008010704      0x32c zephyr/subsys/net/ip/libsubsys__net__ip.a(icmp.c.obj)
 .text.net_icmp_init_ctx
                0x0000000008010a30       0x50 zephyr/subsys/net/ip/libsubsys__net__ip.a(icmp.c.obj)
                0x0000000008010a30                net_icmp_init_ctx
 .text.net_icmp_cleanup_ctx
                0x0000000008010a80       0x68 zephyr/subsys/net/ip/libsubsys__net__ip.a(icmp.c.obj)
                0x0000000008010a80                net_icmp_cleanup_ctx
 .text.k_mutex_lock.constprop.0.isra.0
                0x0000000008010ae8       0x10 zephyr/subsys/net/ip/libsubsys__net__ip.a(connection.c.obj)
 .text.k_mutex_unlock.constprop.0.isra.0
                0x0000000008010af8        0xc zephyr/subsys/net/ip/libsubsys__net__ip.a(connection.c.obj)
 .text.net_conn_change_local
                0x0000000008010b04       0x9c zephyr/subsys/net/ip/libsubsys__net__ip.a(connection.c.obj)
 .text.net_conn_change_remote
                0x0000000008010ba0       0x98 zephyr/subsys/net/ip/libsubsys__net__ip.a(connection.c.obj)
 .text.conn_set_unused
                0x0000000008010c38       0x34 zephyr/subsys/net/ip/libsubsys__net__ip.a(connection.c.obj)
 .text.net_conn_register
                0x0000000008010c6c      0x29c zephyr/subsys/net/ip/libsubsys__net__ip.a(connection.c.obj)
                0x0000000008010c6c                net_conn_register
 .text.net_conn_unregister
                0x0000000008010f08       0x78 zephyr/subsys/net/ip/libsubsys__net__ip.a(connection.c.obj)
                0x0000000008010f08                net_conn_unregister
 .text.net_conn_update
                0x0000000008010f80       0x5c zephyr/subsys/net/ip/libsubsys__net__ip.a(connection.c.obj)
                0x0000000008010f80                net_conn_update
 .text.net_conn_input
                0x0000000008010fdc      0x298 zephyr/subsys/net/ip/libsubsys__net__ip.a(connection.c.obj)
                0x0000000008010fdc                net_conn_input
 .text.net_conn_foreach
                0x0000000008011274       0x30 zephyr/subsys/net/ip/libsubsys__net__ip.a(connection.c.obj)
                0x0000000008011274                net_conn_foreach
 .text.net_conn_init
                0x00000000080112a4       0x3c zephyr/subsys/net/ip/libsubsys__net__ip.a(connection.c.obj)
                0x00000000080112a4                net_conn_init
 .text.icmpv4_handle_echo_request
                0x00000000080112e0      0x154 zephyr/subsys/net/ip/libsubsys__net__ip.a(icmpv4.c.obj)
 .text.net_icmpv4_input
                0x0000000008011434       0x90 zephyr/subsys/net/ip/libsubsys__net__ip.a(icmpv4.c.obj)
                0x0000000008011434                net_icmpv4_input
 .text.net_icmpv4_init
                0x00000000080114c4       0x60 zephyr/subsys/net/ip/libsubsys__net__ip.a(icmpv4.c.obj)
                0x00000000080114c4                net_icmpv4_init
 .text.net_ipv4_input
                0x0000000008011524      0x228 zephyr/subsys/net/ip/libsubsys__net__ip.a(ipv4.c.obj)
                0x0000000008011524                net_ipv4_input
 .text.igmp_send_generic
                0x000000000801174c       0x58 zephyr/subsys/net/ip/libsubsys__net__ip.a(igmp.c.obj)
 .text.net_ipv4_igmp_input
                0x00000000080117a4      0x110 zephyr/subsys/net/ip/libsubsys__net__ip.a(igmp.c.obj)
                0x00000000080117a4                net_ipv4_igmp_input
 .text.net_ipv4_igmp_join
                0x00000000080118b4       0x84 zephyr/subsys/net/ip/libsubsys__net__ip.a(igmp.c.obj)
                0x00000000080118b4                net_ipv4_igmp_join
 .text.net_ipv4_igmp_leave
                0x0000000008011938       0x70 zephyr/subsys/net/ip/libsubsys__net__ip.a(igmp.c.obj)
                0x0000000008011938                net_ipv4_igmp_leave
 .text.net_ipv4_igmp_init
                0x00000000080119a8       0x40 zephyr/subsys/net/ip/libsubsys__net__ip.a(igmp.c.obj)
                0x00000000080119a8                net_ipv4_igmp_init
 .text.net_icmpv6_input
                0x00000000080119e8       0x74 zephyr/subsys/net/ip/libsubsys__net__ip.a(icmpv6.c.obj)
                0x00000000080119e8                net_icmpv6_input
 .text.net_icmpv6_init
                0x0000000008011a5c       0x60 zephyr/subsys/net/ip/libsubsys__net__ip.a(icmpv6.c.obj)
                0x0000000008011a5c                net_icmpv6_init
 .text.net_nbr_link
                0x0000000008011abc       0xcc zephyr/subsys/net/ip/libsubsys__net__ip.a(nbr.c.obj)
                0x0000000008011abc                net_nbr_link
 .text.net_nbr_unlink
                0x0000000008011b88       0x48 zephyr/subsys/net/ip/libsubsys__net__ip.a(nbr.c.obj)
                0x0000000008011b88                net_nbr_unlink
 .text.net_nbr_get_lladdr
                0x0000000008011bd0       0x10 zephyr/subsys/net/ip/libsubsys__net__ip.a(nbr.c.obj)
                0x0000000008011bd0                net_nbr_get_lladdr
 .text.net_ipv6_is_nexthdr_upper_layer
                0x0000000008011be0       0x2c zephyr/subsys/net/ip/libsubsys__net__ip.a(ipv6.c.obj)
 .text.net_ipv6_addr_generate_iid
                0x0000000008011c0c       0xd0 zephyr/subsys/net/ip/libsubsys__net__ip.a(ipv6.c.obj)
                0x0000000008011c0c                net_ipv6_addr_generate_iid
 .text.ipv6_nd_restart_reachable_timer
                0x0000000008011cdc       0x94 zephyr/subsys/net/ip/libsubsys__net__ip.a(ipv6_nbr.c.obj)
 .text.ipv6_nbr_set_state
                0x0000000008011d70       0x6c zephyr/subsys/net/ip/libsubsys__net__ip.a(ipv6_nbr.c.obj)
 .text.nbr_new  0x0000000008011ddc       0xb0 zephyr/subsys/net/ip/libsubsys__net__ip.a(ipv6_nbr.c.obj)
 .text.nbr_lookup.constprop.0
                0x0000000008011e8c       0x44 zephyr/subsys/net/ip/libsubsys__net__ip.a(ipv6_nbr.c.obj)
 .text.dbg_update_neighbor_lladdr.constprop.0
                0x0000000008011ed0       0x28 zephyr/subsys/net/ip/libsubsys__net__ip.a(ipv6_nbr.c.obj)
 .text.dad_failed.part.0.isra.0
                0x0000000008011ef8       0x1c zephyr/subsys/net/ip/libsubsys__net__ip.a(ipv6_nbr.c.obj)
 .text.net_ipv6_nbr_lock
                0x0000000008011f14       0x14 zephyr/subsys/net/ip/libsubsys__net__ip.a(ipv6_nbr.c.obj)
                0x0000000008011f14                net_ipv6_nbr_lock
 .text.net_ipv6_nbr_unlock
                0x0000000008011f28        0xc zephyr/subsys/net/ip/libsubsys__net__ip.a(ipv6_nbr.c.obj)
                0x0000000008011f28                net_ipv6_nbr_unlock
 .text.iface_cb
                0x0000000008011f34       0x34 zephyr/subsys/net/ip/libsubsys__net__ip.a(ipv6_nbr.c.obj)
 .text.net_ipv6_nbr_state2str
                0x0000000008011f68       0x18 zephyr/subsys/net/ip/libsubsys__net__ip.a(ipv6_nbr.c.obj)
                0x0000000008011f68                net_ipv6_nbr_state2str
 .text.net_ipv6_nbr_foreach
                0x0000000008011f80       0x18 zephyr/subsys/net/ip/libsubsys__net__ip.a(ipv6_nbr.c.obj)
                0x0000000008011f80                net_ipv6_nbr_foreach
 .text.net_ipv6_nbr_rm
                0x0000000008011f98       0x4c zephyr/subsys/net/ip/libsubsys__net__ip.a(ipv6_nbr.c.obj)
                0x0000000008011f98                net_ipv6_nbr_rm
 .text.add_nbr  0x0000000008011fe4       0x9c zephyr/subsys/net/ip/libsubsys__net__ip.a(ipv6_nbr.c.obj)
 .text.handle_na_input
                0x0000000008012080      0x2f0 zephyr/subsys/net/ip/libsubsys__net__ip.a(ipv6_nbr.c.obj)
 .text.net_ipv6_send_ns
                0x0000000008012370      0x208 zephyr/subsys/net/ip/libsubsys__net__ip.a(ipv6_nbr.c.obj)
                0x0000000008012370                net_ipv6_send_ns
 .text.net_ipv6_nbr_add
                0x0000000008012578      0x114 zephyr/subsys/net/ip/libsubsys__net__ip.a(ipv6_nbr.c.obj)
                0x0000000008012578                net_ipv6_nbr_add
 .text.handle_ra_input
                0x000000000801268c      0x5bc zephyr/subsys/net/ip/libsubsys__net__ip.a(ipv6_nbr.c.obj)
 .text.handle_ns_input
                0x0000000008012c48      0x264 zephyr/subsys/net/ip/libsubsys__net__ip.a(ipv6_nbr.c.obj)
 .text.ipv6_ns_reply_timeout
                0x0000000008012eac       0xe0 zephyr/subsys/net/ip/libsubsys__net__ip.a(ipv6_nbr.c.obj)
 .text.ipv6_nd_reachable_timeout
                0x0000000008012f8c       0xf0 zephyr/subsys/net/ip/libsubsys__net__ip.a(ipv6_nbr.c.obj)
 .text.net_ipv6_nbr_init
                0x000000000801307c      0x118 zephyr/subsys/net/ip/libsubsys__net__ip.a(ipv6_nbr.c.obj)
                0x000000000801307c                net_ipv6_nbr_init
 .text.net_ipv6_mld_join
                0x0000000008013194       0xa8 zephyr/subsys/net/ip/libsubsys__net__ip.a(ipv6_mld.c.obj)
                0x0000000008013194                net_ipv6_mld_join
 .text.net_ipv6_mld_leave
                0x000000000801323c       0x74 zephyr/subsys/net/ip/libsubsys__net__ip.a(ipv6_mld.c.obj)
                0x000000000801323c                net_ipv6_mld_leave
 .text.net_ipv6_mld_init
                0x00000000080132b0       0x60 zephyr/subsys/net/ip/libsubsys__net__ip.a(ipv6_mld.c.obj)
                0x00000000080132b0                net_ipv6_mld_init
 .text.nbr_new  0x0000000008013310       0x60 zephyr/subsys/net/ip/libsubsys__net__ip.a(route.c.obj)
 .text.net_route_get_nbr
                0x0000000008013370       0x38 zephyr/subsys/net/ip/libsubsys__net__ip.a(route.c.obj)
                0x0000000008013370                net_route_get_nbr
 .text.net_route_lookup
                0x00000000080133a8       0xbc zephyr/subsys/net/ip/libsubsys__net__ip.a(route.c.obj)
                0x00000000080133a8                net_route_lookup
 .text.net_route_update_lifetime
                0x0000000008013464       0x80 zephyr/subsys/net/ip/libsubsys__net__ip.a(route.c.obj)
                0x0000000008013464                net_route_update_lifetime
 .text.net_route_del
                0x00000000080134e4       0x94 zephyr/subsys/net/ip/libsubsys__net__ip.a(route.c.obj)
                0x00000000080134e4                net_route_del
 .text.route_lifetime_timeout
                0x0000000008013578       0x8c zephyr/subsys/net/ip/libsubsys__net__ip.a(route.c.obj)
 .text.net_route_del_by_nexthop
                0x0000000008013604       0x58 zephyr/subsys/net/ip/libsubsys__net__ip.a(route.c.obj)
                0x0000000008013604                net_route_del_by_nexthop
 .text.net_route_get_nexthop
                0x000000000801365c       0x48 zephyr/subsys/net/ip/libsubsys__net__ip.a(route.c.obj)
                0x000000000801365c                net_route_get_nexthop
 .text.net_route_add
                0x00000000080136a4      0x184 zephyr/subsys/net/ip/libsubsys__net__ip.a(route.c.obj)
                0x00000000080136a4                net_route_add
 .text.net_route_foreach
                0x0000000008013828       0x38 zephyr/subsys/net/ip/libsubsys__net__ip.a(route.c.obj)
                0x0000000008013828                net_route_foreach
 .text.net_route_packet
                0x0000000008013860       0xb8 zephyr/subsys/net/ip/libsubsys__net__ip.a(route.c.obj)
                0x0000000008013860                net_route_packet
 .text.net_route_init
                0x0000000008013918       0x10 zephyr/subsys/net/ip/libsubsys__net__ip.a(route.c.obj)
                0x0000000008013918                net_route_init
 .text.tcp_send
                0x0000000008013928       0x58 zephyr/subsys/net/ip/libsubsys__net__ip.a(tcp.c.obj)
 .text.tcp_setup_retransmission
                0x0000000008013980       0x20 zephyr/subsys/net/ip/libsubsys__net__ip.a(tcp.c.obj)
 .text.tcp_setup_last_ack_timer
                0x00000000080139a0       0x34 zephyr/subsys/net/ip/libsubsys__net__ip.a(tcp.c.obj)
 .text.tcp_enter_time_wait
                0x00000000080139d4       0x24 zephyr/subsys/net/ip/libsubsys__net__ip.a(tcp.c.obj)
 .text.th_get   0x00000000080139f8      0x110 zephyr/subsys/net/ip/libsubsys__net__ip.a(tcp.c.obj)
 .text.tcp_conn_release
                0x0000000008013b08      0x1f0 zephyr/subsys/net/ip/libsubsys__net__ip.a(tcp.c.obj)
 .text.tcp_endpoint_set
                0x0000000008013cf8       0xb0 zephyr/subsys/net/ip/libsubsys__net__ip.a(tcp.c.obj)
 .text.tcp_unsent_len
                0x0000000008013da8       0x54 zephyr/subsys/net/ip/libsubsys__net__ip.a(tcp.c.obj)
 .text.tcp_conn_unref.isra.0
                0x0000000008013dfc       0x38 zephyr/subsys/net/ip/libsubsys__net__ip.a(tcp.c.obj)
 .text.net_tcp_get
                0x0000000008013e34      0x194 zephyr/subsys/net/ip/libsubsys__net__ip.a(tcp.c.obj)
                0x0000000008013e34                net_tcp_get
 .text.net_tcp_finalize
                0x0000000008013fc8       0x70 zephyr/subsys/net/ip/libsubsys__net__ip.a(tcp.c.obj)
                0x0000000008013fc8                net_tcp_finalize
 .text.net_tcp_input
                0x0000000008014038       0x58 zephyr/subsys/net/ip/libsubsys__net__ip.a(tcp.c.obj)
                0x0000000008014038                net_tcp_input
 .text.net_tcp_foreach
                0x0000000008014090       0x70 zephyr/subsys/net/ip/libsubsys__net__ip.a(tcp.c.obj)
                0x0000000008014090                net_tcp_foreach
 .text.tcp_out_ext
                0x0000000008014100      0x234 zephyr/subsys/net/ip/libsubsys__net__ip.a(tcp.c.obj)
 .text.net_tcp_put
                0x0000000008014334       0xbc zephyr/subsys/net/ip/libsubsys__net__ip.a(tcp.c.obj)
                0x0000000008014334                net_tcp_put
 .text.tcp_send_zwp
                0x00000000080143f0       0xac zephyr/subsys/net/ip/libsubsys__net__ip.a(tcp.c.obj)
 .text.net_tcp_connect
                0x000000000801449c      0x304 zephyr/subsys/net/ip/libsubsys__net__ip.a(tcp.c.obj)
                0x000000000801449c                net_tcp_connect
 .text.tcp_send_data
                0x00000000080147a0      0x168 zephyr/subsys/net/ip/libsubsys__net__ip.a(tcp.c.obj)
 .text.tcp_resend_data
                0x0000000008014908      0x1e0 zephyr/subsys/net/ip/libsubsys__net__ip.a(tcp.c.obj)
 .text.net_tcp_update_recv_wnd
                0x0000000008014ae8       0x4c zephyr/subsys/net/ip/libsubsys__net__ip.a(tcp.c.obj)
                0x0000000008014ae8                net_tcp_update_recv_wnd
 .text.tcp_data_get
                0x0000000008014b34       0xfc zephyr/subsys/net/ip/libsubsys__net__ip.a(tcp.c.obj)
 .text.tcp_recv
                0x0000000008014c30     0x124c zephyr/subsys/net/ip/libsubsys__net__ip.a(tcp.c.obj)
 .text.net_tcp_state_str
                0x0000000008015e7c       0x14 zephyr/subsys/net/ip/libsubsys__net__ip.a(tcp.c.obj)
                0x0000000008015e7c                net_tcp_state_str
 .text.net_tcp_init
                0x0000000008015e90       0x50 zephyr/subsys/net/ip/libsubsys__net__ip.a(tcp.c.obj)
                0x0000000008015e90                net_tcp_init
 .text.net_udp_finalize
                0x0000000008015ee0       0x90 zephyr/subsys/net/ip/libsubsys__net__ip.a(udp.c.obj)
                0x0000000008015ee0                net_udp_finalize
 .text.net_udp_input
                0x0000000008015f70       0x88 zephyr/subsys/net/ip/libsubsys__net__ip.a(udp.c.obj)
                0x0000000008015f70                net_udp_input
 .text.net_promisc_mode_wait_data
                0x0000000008015ff8       0x10 zephyr/subsys/net/ip/libsubsys__net__ip.a(promiscuous.c.obj)
                0x0000000008015ff8                net_promisc_mode_wait_data
 .text.net_promisc_mode_on
                0x0000000008016008       0x30 zephyr/subsys/net/ip/libsubsys__net__ip.a(promiscuous.c.obj)
                0x0000000008016008                net_promisc_mode_on
 .text.net_promisc_mode_input
                0x0000000008016038       0x30 zephyr/subsys/net/ip/libsubsys__net__ip.a(promiscuous.c.obj)
                0x0000000008016038                net_promisc_mode_input
 .text.dhcpv4_set_timeout
                0x0000000008016068       0x24 zephyr/subsys/net/lib/dhcpv4/libsubsys__net__lib__dhcpv4.a(dhcpv4.c.obj)
 .text.dhcpv4_enter_bound
                0x000000000801608c       0x6c zephyr/subsys/net/lib/dhcpv4/libsubsys__net__lib__dhcpv4.a(dhcpv4.c.obj)
 .text.k_mutex_lock.constprop.0.isra.0
                0x00000000080160f8       0x10 zephyr/subsys/net/lib/dhcpv4/libsubsys__net__lib__dhcpv4.a(dhcpv4.c.obj)
 .text.k_mutex_unlock.constprop.0.isra.0
                0x0000000008016108        0xc zephyr/subsys/net/lib/dhcpv4/libsubsys__net__lib__dhcpv4.a(dhcpv4.c.obj)
 .text.dhcpv4_iface_event_handler
                0x0000000008016114       0x98 zephyr/subsys/net/lib/dhcpv4/libsubsys__net__lib__dhcpv4.a(dhcpv4.c.obj)
 .text.dhcpv4_start_internal
                0x00000000080161ac       0x90 zephyr/subsys/net/lib/dhcpv4/libsubsys__net__lib__dhcpv4.a(dhcpv4.c.obj)
 .text.dhcpv4_create_message
                0x000000000801623c      0x1a0 zephyr/subsys/net/lib/dhcpv4/libsubsys__net__lib__dhcpv4.a(dhcpv4.c.obj)
 .text.dhcpv4_timeout
                0x00000000080163dc      0x204 zephyr/subsys/net/lib/dhcpv4/libsubsys__net__lib__dhcpv4.a(dhcpv4.c.obj)
 .text.net_dhcpv4_input
                0x00000000080165e0      0x418 zephyr/subsys/net/lib/dhcpv4/libsubsys__net__lib__dhcpv4.a(dhcpv4.c.obj)
 .text.net_dhcpv4_state_name
                0x00000000080169f8        0xc zephyr/subsys/net/lib/dhcpv4/libsubsys__net__lib__dhcpv4.a(dhcpv4.c.obj)
                0x00000000080169f8                net_dhcpv4_state_name
 .text.net_dhcpv4_stop
                0x0000000008016a04       0xa4 zephyr/subsys/net/lib/dhcpv4/libsubsys__net__lib__dhcpv4.a(dhcpv4.c.obj)
                0x0000000008016a04                net_dhcpv4_stop
 .text.net_dhcpv4_init
                0x0000000008016aa8       0x64 zephyr/subsys/net/lib/dhcpv4/libsubsys__net__lib__dhcpv4.a(dhcpv4.c.obj)
                0x0000000008016aa8                net_dhcpv4_init
 .text.stm32_fill_irq_table
                0x0000000008016b0c       0x18 zephyr/drivers/interrupt_controller/libdrivers__interrupt_controller.a(intc_gpio_stm32.c.obj)
 .text.stm32_intc_gpio_isr
                0x0000000008016b24       0x4c zephyr/drivers/interrupt_controller/libdrivers__interrupt_controller.a(intc_gpio_stm32.c.obj)
 .text.stm32_gpio_intc_enable_line
                0x0000000008016b70       0x2c zephyr/drivers/interrupt_controller/libdrivers__interrupt_controller.a(intc_gpio_stm32.c.obj)
                0x0000000008016b70                stm32_gpio_intc_enable_line
 .text.stm32_gpio_intc_disable_line